
R version 3.5.1 (2018-07-02) -- "Feather Spray"
Copyright (C) 2018 The R Foundation for Statistical Computing
Platform: x86_64-apple-darwin15.6.0 (64-bit)

R is free software and comes with ABSOLUTELY NO WARRANTY.
You are welcome to redistribute it under certain conditions.
Type 'license()' or 'licence()' for distribution details.

  Natural language support but running in an English locale

R is a collaborative project with many contributors.
Type 'contributors()' for more information and
'citation()' on how to cite R or R packages in publications.

Type 'demo()' for some demos, 'help()' for on-line help, or
'help.start()' for an HTML browser interface to help.
Type 'q()' to quit R.

[R.app GUI 1.70 (7543) x86_64-apple-darwin15.6.0]

> x <- c(1,3,2,5)
> x
[1] 1 3 2 5
> x = c(1,6,2)
> x
[1] 1 6 2
> y = c(1,4,3)
> length(x)
[1] 3
> length(y)
[1] 3
> x+y
[1]  2 10  5
> ls()
[1] "x" "y"
> rm(x, y)
> ls()
character(0)
> x = c(1,2,3)
> ls()
[1] "x"
> rm(list=ls())
> ls()
character(0)
> ?matrix
starting httpd help server ... done
> x = matrix(data=c(1,2,3,4), nrow=2, ncol=2)
> x
     [,1] [,2]
[1,]    1    3
[2,]    2    4
> x = matrix(data=c(1,2,3,4), nrow=2, ncol=2, byrow=TRUE)
> x
     [,1] [,2]
[1,]    1    2
[2,]    3    4
> ?sqrt
> x = matrix(data=c(1,2,3,4), nrow=2, ncol=2)
> sqrt(x)
         [,1]     [,2]
[1,] 1.000000 1.732051
[2,] 1.414214 2.000000
> x^2
     [,1] [,2]
[1,]    1    9
[2,]    4   16
> ?rnorm()
> x = rnorm(50)
> y = x + rnorm(50, mean=50, sd=0.1)
> cor(x,y)
[1] 0.9932335
> set.seed(1303)
> rnorm(50)
 [1] -1.1439763145  1.3421293656  2.1853904757  0.5363925179  0.0631929665  0.5022344825
 [7] -0.0004167247  0.5658198405 -0.5725226890 -1.1102250073 -0.0486871234 -0.6956562176
[13]  0.8289174803  0.2066528551 -0.2356745091 -0.5563104914 -0.3647543571  0.8623550343
[19] -0.6307715354  0.3136021252 -0.9314953177  0.8238676185  0.5233707021  0.7069214120
[25]  0.4202043256 -0.2690521547 -1.5103172999 -0.6902124766 -0.1434719524 -1.0135274099
[31]  1.5732737361  0.0127465055  0.8726470499  0.4220661905 -0.0188157917  2.6157489689
[37] -0.6931401748 -0.2663217810 -0.7206364412  1.3677342065  0.2640073322  0.6321868074
[43] -1.3306509858  0.0268888182  1.0406363208  1.3120237985 -0.0300020767 -0.2500257125
[49]  0.0234144857  1.6598706557
> set.seed(3)
> y = rnorm(100)
> mean(y)
[1] 0.01103557
> var(y)
[1] 0.7328675
> sqrt(var(y))
[1] 0.8560768
> sd(y)
[1] 0.8560768
Error in file.choose(TRUE) : file choice cancelled
> ?plot
> x = rnorm(100)
> y = rnorm(100)
> plot(x,y)
> plot(x,y, xlab='this is the x-axis', ylab='this is the y-axis', main='Plot of X vs Y')
> pdf('Figure.pdf')
> plot(x, y, col='green')
> dev.off()
null device 
          1 
> getwd()
[1] "/Users/connorodell"
> x = seq(1,10)
> x
 [1]  1  2  3  4  5  6  7  8  9 10
> x = 1:10
> x
 [1]  1  2  3  4  5  6  7  8  9 10
> x = seq(-pi, pi, length=50)
> x
 [1] -3.14159265 -3.01336438 -2.88513611 -2.75690784 -2.62867957 -2.50045130 -2.37222302
 [8] -2.24399475 -2.11576648 -1.98753821 -1.85930994 -1.73108167 -1.60285339 -1.47462512
[15] -1.34639685 -1.21816858 -1.08994031 -0.96171204 -0.83348377 -0.70525549 -0.57702722
[22] -0.44879895 -0.32057068 -0.19234241 -0.06411414  0.06411414  0.19234241  0.32057068
[29]  0.44879895  0.57702722  0.70525549  0.83348377  0.96171204  1.08994031  1.21816858
[36]  1.34639685  1.47462512  1.60285339  1.73108167  1.85930994  1.98753821  2.11576648
[43]  2.24399475  2.37222302  2.50045130  2.62867957  2.75690784  2.88513611  3.01336438
[50]  3.14159265
> ?contour
> y = x
> f = outer(x, y, function(x,y)cos(y)/(1+x^2))
> contour(x,y,f)
> contour(x,y,f,nlevels=45,add=T)
Error in contour.default(x, y, f, nlevels = 45, add = T) : 
  plot.new has not been called yet
> contour(x,y,f)
> contour(x,y,f,nlevels=45,add=T)
> fa = (f-t(f))/2
> contour(x,y,fa,nlevels=15)
> ?t
> f
             [,1]        [,2]        [,3]        [,4]        [,5]        [,6]        [,7]
 [1,] -0.09199967 -0.09124435 -0.08899081 -0.08527603 -0.08016103 -0.07372979 -0.06608790
 [2,] -0.09920276 -0.09838830 -0.09595832 -0.09195270 -0.08643722 -0.07950244 -0.07126224
 [3,] -0.10724999 -0.10636947 -0.10374236 -0.09941181 -0.09344892 -0.08595160 -0.07704296
 [4,] -0.11627176 -0.11531717 -0.11246907 -0.10777424 -0.10130976 -0.09318177 -0.08352374
 [5,] -0.12642295 -0.12538502 -0.12228827 -0.11718355 -0.11015468 -0.10131707 -0.09081584
 [6,] -0.13788811 -0.13675606 -0.13337846 -0.12781080 -0.12014449 -0.11050541 -0.09905184
 [7,] -0.15088778 -0.14964899 -0.14595297 -0.13986041 -0.13147134 -0.12092352 -0.10839014
 [8,] -0.16568601 -0.16432573 -0.16026723 -0.15357714 -0.14436532 -0.13278303 -0.11902044
 [9,] -0.18259945 -0.18110031 -0.17662751 -0.16925449 -0.15910231 -0.14633769 -0.13117020
[10,] -0.20200763 -0.20034915 -0.19540094 -0.18724425 -0.17601302 -0.16189166 -0.14511205
[11,] -0.22436448 -0.22252245 -0.21702661 -0.20796720 -0.19549297 -0.17980875 -0.16117208
[12,] -0.25020994 -0.24815572 -0.24202679 -0.23192379 -0.21801260 -0.20052166 -0.17973815
[13,] -0.28017962 -0.27787935 -0.27101630 -0.25970318 -0.24412574 -0.22453976 -0.20126685
[14,] -0.31500833 -0.31242211 -0.30470594 -0.29198650 -0.27447265 -0.25245196 -0.22628603
[15,] -0.35551960 -0.35260078 -0.34389228 -0.32953707 -0.30977087 -0.28491825 -0.25538727
[16,] -0.40258707 -0.39928184 -0.38942041 -0.37316471 -0.35078165 -0.32263877 -0.28919816
[17,] -0.45704468 -0.45329235 -0.44209697 -0.42364238 -0.39823158 -0.36628184 -0.32831775
[18,] -0.51951019 -0.51524502 -0.50251954 -0.48154270 -0.45265895 -0.41634255 -0.37318981
[19,] -0.59007662 -0.58523209 -0.57077808 -0.54695190 -0.51414479 -0.47289544 -0.42388115
[20,] -0.66783078 -0.66234790 -0.64598928 -0.61902354 -0.58189345 -0.53520868 -0.47973581
[21,] -0.75020983 -0.74405061 -0.72567411 -0.69538206 -0.65367185 -0.60122837 -0.53891274
[22,] -0.83234804 -0.82551448 -0.80512599 -0.77151735 -0.72524042 -0.66705506 -0.59791668
[23,] -0.90681105 -0.89936615 -0.87715367 -0.84053836 -0.79012143 -0.72673073 -0.65140713
[24,] -0.96432424 -0.95640716 -0.93278589 -0.89384830 -0.84023375 -0.77282259 -0.69272169
[25,] -0.99590621 -0.98772983 -0.96333496 -0.92312215 -0.86775170 -0.79813280 -0.71540858
[26,] -0.99590621 -0.98772983 -0.96333496 -0.92312215 -0.86775170 -0.79813280 -0.71540858
[27,] -0.96432424 -0.95640716 -0.93278589 -0.89384830 -0.84023375 -0.77282259 -0.69272169
[28,] -0.90681105 -0.89936615 -0.87715367 -0.84053836 -0.79012143 -0.72673073 -0.65140713
[29,] -0.83234804 -0.82551448 -0.80512599 -0.77151735 -0.72524042 -0.66705506 -0.59791668
[30,] -0.75020983 -0.74405061 -0.72567411 -0.69538206 -0.65367185 -0.60122837 -0.53891274
[31,] -0.66783078 -0.66234790 -0.64598928 -0.61902354 -0.58189345 -0.53520868 -0.47973581
[32,] -0.59007662 -0.58523209 -0.57077808 -0.54695190 -0.51414479 -0.47289544 -0.42388115
[33,] -0.51951019 -0.51524502 -0.50251954 -0.48154270 -0.45265895 -0.41634255 -0.37318981
[34,] -0.45704468 -0.45329235 -0.44209697 -0.42364238 -0.39823158 -0.36628184 -0.32831775
[35,] -0.40258707 -0.39928184 -0.38942041 -0.37316471 -0.35078165 -0.32263877 -0.28919816
[36,] -0.35551960 -0.35260078 -0.34389228 -0.32953707 -0.30977087 -0.28491825 -0.25538727
[37,] -0.31500833 -0.31242211 -0.30470594 -0.29198650 -0.27447265 -0.25245196 -0.22628603
[38,] -0.28017962 -0.27787935 -0.27101630 -0.25970318 -0.24412574 -0.22453976 -0.20126685
[39,] -0.25020994 -0.24815572 -0.24202679 -0.23192379 -0.21801260 -0.20052166 -0.17973815
[40,] -0.22436448 -0.22252245 -0.21702661 -0.20796720 -0.19549297 -0.17980875 -0.16117208
[41,] -0.20200763 -0.20034915 -0.19540094 -0.18724425 -0.17601302 -0.16189166 -0.14511205
[42,] -0.18259945 -0.18110031 -0.17662751 -0.16925449 -0.15910231 -0.14633769 -0.13117020
[43,] -0.16568601 -0.16432573 -0.16026723 -0.15357714 -0.14436532 -0.13278303 -0.11902044
[44,] -0.15088778 -0.14964899 -0.14595297 -0.13986041 -0.13147134 -0.12092352 -0.10839014
[45,] -0.13788811 -0.13675606 -0.13337846 -0.12781080 -0.12014449 -0.11050541 -0.09905184
[46,] -0.12642295 -0.12538502 -0.12228827 -0.11718355 -0.11015468 -0.10131707 -0.09081584
[47,] -0.11627176 -0.11531717 -0.11246907 -0.10777424 -0.10130976 -0.09318177 -0.08352374
[48,] -0.10724999 -0.10636947 -0.10374236 -0.09941181 -0.09344892 -0.08595160 -0.07704296
[49,] -0.09920276 -0.09838830 -0.09595832 -0.09195270 -0.08643722 -0.07950244 -0.07126224
[50,] -0.09199967 -0.09124435 -0.08899081 -0.08527603 -0.08016103 -0.07372979 -0.06608790
             [,8]        [,9]       [,10]       [,11]       [,12]        [,13]       [,14]
 [1,] -0.05736085 -0.04769194 -0.03723993 -0.02617644 -0.01468314 -0.002948735 0.008834087
 [2,] -0.06185191 -0.05142597 -0.04015562 -0.02822592 -0.01583275 -0.003179605 0.009525749
 [3,] -0.06686927 -0.05559760 -0.04341301 -0.03051558 -0.01711709 -0.003437531 0.010298468
 [4,] -0.07249426 -0.06027442 -0.04706487 -0.03308252 -0.01855696 -0.003726693 0.011164766
 [5,] -0.07882342 -0.06553672 -0.05117390 -0.03597082 -0.02017709 -0.004052055 0.012139514
 [6,] -0.08597183 -0.07148017 -0.05581481 -0.03923297 -0.02200693 -0.004419532 0.013240434
 [7,] -0.09407699 -0.07821910 -0.06107686 -0.04293173 -0.02408167 -0.004836191 0.014488701
 [8,] -0.10330354 -0.08589040 -0.06706694 -0.04714224 -0.02644347 -0.005310498 0.015909672
 [9,] -0.11384889 -0.09465820 -0.07391322 -0.05195458 -0.02914285 -0.005852600 0.017533752
[10,] -0.12594970 -0.10471925 -0.08176932 -0.05747674 -0.03224040 -0.006474663 0.019397384
[11,] -0.13988897 -0.11630888 -0.09081901 -0.06383788 -0.03580855 -0.007191236 0.021544156
[12,] -0.15600335 -0.12970697 -0.10128082 -0.07119163 -0.03993348 -0.008019623 0.024025916
[13,] -0.17468913 -0.14524303 -0.11341204 -0.07971883 -0.04471664 -0.008980199 0.026903695
[14,] -0.19640448 -0.16329798 -0.12751012 -0.08962856 -0.05027530 -0.010096514 0.030248053
[15,] -0.22166284 -0.18429872 -0.14390841 -0.10115513 -0.05674089 -0.011394964 0.034138067
[16,] -0.25100894 -0.20869815 -0.16296054 -0.11454713 -0.06425285 -0.012903551 0.038657629
[17,] -0.28496270 -0.23692857 -0.18500408 -0.13004182 -0.07294428 -0.014649003 0.043886814
[18,] -0.32390931 -0.26931022 -0.21028907 -0.14781498 -0.08291377 -0.016651121 0.049884941
[19,] -0.36790675 -0.30589133 -0.23885319 -0.16789308 -0.09417617 -0.018912886 0.056660942
[20,] -0.41638568 -0.34619851 -0.27032678 -0.19001628 -0.10658572 -0.021405030 0.064127132
[21,] -0.46774818 -0.38890320 -0.30367244 -0.21345539 -0.11973341 -0.024045408 0.072037417
[22,] -0.51896052 -0.43148304 -0.33692062 -0.23682598 -0.13284266 -0.026678068 0.079924578
[23,] -0.56538744 -0.47008411 -0.36706201 -0.25801276 -0.14472695 -0.029064725 0.087074741
[24,] -0.60124633 -0.49989852 -0.39034239 -0.27437685 -0.15390605 -0.030908113 0.092597332
[25,] -0.62093736 -0.51627038 -0.40312624 -0.28336279 -0.15894653 -0.031920365 0.095629927
[26,] -0.62093736 -0.51627038 -0.40312624 -0.28336279 -0.15894653 -0.031920365 0.095629927
[27,] -0.60124633 -0.49989852 -0.39034239 -0.27437685 -0.15390605 -0.030908113 0.092597332
[28,] -0.56538744 -0.47008411 -0.36706201 -0.25801276 -0.14472695 -0.029064725 0.087074741
[29,] -0.51896052 -0.43148304 -0.33692062 -0.23682598 -0.13284266 -0.026678068 0.079924578
[30,] -0.46774818 -0.38890320 -0.30367244 -0.21345539 -0.11973341 -0.024045408 0.072037417
[31,] -0.41638568 -0.34619851 -0.27032678 -0.19001628 -0.10658572 -0.021405030 0.064127132
[32,] -0.36790675 -0.30589133 -0.23885319 -0.16789308 -0.09417617 -0.018912886 0.056660942
[33,] -0.32390931 -0.26931022 -0.21028907 -0.14781498 -0.08291377 -0.016651121 0.049884941
[34,] -0.28496270 -0.23692857 -0.18500408 -0.13004182 -0.07294428 -0.014649003 0.043886814
[35,] -0.25100894 -0.20869815 -0.16296054 -0.11454713 -0.06425285 -0.012903551 0.038657629
[36,] -0.22166284 -0.18429872 -0.14390841 -0.10115513 -0.05674089 -0.011394964 0.034138067
[37,] -0.19640448 -0.16329798 -0.12751012 -0.08962856 -0.05027530 -0.010096514 0.030248053
[38,] -0.17468913 -0.14524303 -0.11341204 -0.07971883 -0.04471664 -0.008980199 0.026903695
[39,] -0.15600335 -0.12970697 -0.10128082 -0.07119163 -0.03993348 -0.008019623 0.024025916
[40,] -0.13988897 -0.11630888 -0.09081901 -0.06383788 -0.03580855 -0.007191236 0.021544156
[41,] -0.12594970 -0.10471925 -0.08176932 -0.05747674 -0.03224040 -0.006474663 0.019397384
[42,] -0.11384889 -0.09465820 -0.07391322 -0.05195458 -0.02914285 -0.005852600 0.017533752
[43,] -0.10330354 -0.08589040 -0.06706694 -0.04714224 -0.02644347 -0.005310498 0.015909672
[44,] -0.09407699 -0.07821910 -0.06107686 -0.04293173 -0.02408167 -0.004836191 0.014488701
[45,] -0.08597183 -0.07148017 -0.05581481 -0.03923297 -0.02200693 -0.004419532 0.013240434
[46,] -0.07882342 -0.06553672 -0.05117390 -0.03597082 -0.02017709 -0.004052055 0.012139514
[47,] -0.07249426 -0.06027442 -0.04706487 -0.03308252 -0.01855696 -0.003726693 0.011164766
[48,] -0.06686927 -0.05559760 -0.04341301 -0.03051558 -0.01711709 -0.003437531 0.010298468
[49,] -0.06185191 -0.05142597 -0.04015562 -0.02822592 -0.01583275 -0.003179605 0.009525749
[50,] -0.05736085 -0.04769194 -0.03723993 -0.02617644 -0.01468314 -0.002948735 0.008834087
           [,15]      [,16]      [,17]      [,18]      [,19]      [,20]      [,21]
 [1,] 0.02047185 0.03177347 0.04255337 0.05263454 0.06185146 0.07005278 0.07710383
 [2,] 0.02207469 0.03426117 0.04588507 0.05675555 0.06669410 0.07553754 0.08314065
 [3,] 0.02386537 0.03704040 0.04960723 0.06135950 0.07210426 0.08166507 0.08988494
 [4,] 0.02587290 0.04015620 0.05378014 0.06652101 0.07816961 0.08853466 0.09744598
 [5,] 0.02813175 0.04366207 0.05847545 0.07232868 0.08499426 0.09626424 0.10595357
 [6,] 0.03068299 0.04762174 0.06377853 0.07888809 0.09270230 0.10499435 0.11556239
 [7,] 0.03357569 0.05211137 0.06979137 0.08632541 0.10144199 0.11489289 0.12645725
 [8,] 0.03686861 0.05722216 0.07663613 0.09479173 0.11139085 0.12616095 0.13885948
 [9,] 0.04063220 0.06306347 0.08445924 0.10446819 0.12276177 0.13903961 0.15303443
[10,] 0.04495093 0.06976638 0.09343626 0.11557193 0.13580991 0.15381789 0.16930019
[11,] 0.04992579 0.07748765 0.10377716 0.12836266 0.15084044 0.17084143 0.18803720
[12,] 0.05567695 0.08641377 0.11573168 0.14314928 0.16821637 0.19052135 0.20969798
[13,] 0.06234583 0.09676425 0.12959380 0.16029543 0.18836501 0.21334164 0.23481520
[14,] 0.07009595 0.10879287 0.14570341 0.18022151 0.21178038 0.23986182 0.26400473
[15,] 0.07911055 0.12278404 0.16444143 0.20339868 0.23901614 0.27070896 0.29795674
[16,] 0.08958405 0.13903951 0.18621194 0.23032677 0.27065965 0.30654830 0.33740344
[17,] 0.10170201 0.15784726 0.21140067 0.26148288 0.30727155 0.34801483 0.38304371
[18,] 0.11560189 0.17942067 0.24029336 0.29722044 0.34926717 0.39557894 0.43539531
[19,] 0.13130440 0.20379184 0.27293303 0.33759266 0.39670903 0.44931145 0.49453619
[20,] 0.14860633 0.23064541 0.30889731 0.38207712 0.44898323 0.50851705 0.55970103
[21,] 0.16693739 0.25909626 0.34700077 0.42920754 0.50436673 0.57124424 0.62874193
[22,] 0.18521486 0.28746393 0.38499284 0.47620018 0.55958833 0.63378805 0.69758099
[23,] 0.20178444 0.31318085 0.41943483 0.51880171 0.60964988 0.69048761 0.75998756
[24,] 0.21458233 0.33304390 0.44603689 0.55170597 0.64831605 0.73428080 0.80818868
[25,] 0.22160998 0.34395120 0.46064475 0.56977453 0.66954863 0.75832876 0.83465714
[26,] 0.22160998 0.34395120 0.46064475 0.56977453 0.66954863 0.75832876 0.83465714
[27,] 0.21458233 0.33304390 0.44603689 0.55170597 0.64831605 0.73428080 0.80818868
[28,] 0.20178444 0.31318085 0.41943483 0.51880171 0.60964988 0.69048761 0.75998756
[29,] 0.18521486 0.28746393 0.38499284 0.47620018 0.55958833 0.63378805 0.69758099
[30,] 0.16693739 0.25909626 0.34700077 0.42920754 0.50436673 0.57124424 0.62874193
[31,] 0.14860633 0.23064541 0.30889731 0.38207712 0.44898323 0.50851705 0.55970103
[32,] 0.13130440 0.20379184 0.27293303 0.33759266 0.39670903 0.44931145 0.49453619
[33,] 0.11560189 0.17942067 0.24029336 0.29722044 0.34926717 0.39557894 0.43539531
[34,] 0.10170201 0.15784726 0.21140067 0.26148288 0.30727155 0.34801483 0.38304371
[35,] 0.08958405 0.13903951 0.18621194 0.23032677 0.27065965 0.30654830 0.33740344
[36,] 0.07911055 0.12278404 0.16444143 0.20339868 0.23901614 0.27070896 0.29795674
[37,] 0.07009595 0.10879287 0.14570341 0.18022151 0.21178038 0.23986182 0.26400473
[38,] 0.06234583 0.09676425 0.12959380 0.16029543 0.18836501 0.21334164 0.23481520
[39,] 0.05567695 0.08641377 0.11573168 0.14314928 0.16821637 0.19052135 0.20969798
[40,] 0.04992579 0.07748765 0.10377716 0.12836266 0.15084044 0.17084143 0.18803720
[41,] 0.04495093 0.06976638 0.09343626 0.11557193 0.13580991 0.15381789 0.16930019
[42,] 0.04063220 0.06306347 0.08445924 0.10446819 0.12276177 0.13903961 0.15303443
[43,] 0.03686861 0.05722216 0.07663613 0.09479173 0.11139085 0.12616095 0.13885948
[44,] 0.03357569 0.05211137 0.06979137 0.08632541 0.10144199 0.11489289 0.12645725
[45,] 0.03068299 0.04762174 0.06377853 0.07888809 0.09270230 0.10499435 0.11556239
[46,] 0.02813175 0.04366207 0.05847545 0.07232868 0.08499426 0.09626424 0.10595357
[47,] 0.02587290 0.04015620 0.05378014 0.06652101 0.07816961 0.08853466 0.09744598
[48,] 0.02386537 0.03704040 0.04960723 0.06135950 0.07210426 0.08166507 0.08988494
[49,] 0.02207469 0.03426117 0.04588507 0.05675555 0.06669410 0.07553754 0.08314065
[50,] 0.02047185 0.03177347 0.04255337 0.05263454 0.06185146 0.07005278 0.07710383
           [,22]      [,23]      [,24]      [,25]      [,26]      [,27]      [,28]
 [1,] 0.08288884 0.08731281 0.09030312 0.09181065 0.09181065 0.09030312 0.08731281
 [2,] 0.08937860 0.09414895 0.09737338 0.09899894 0.09899894 0.09737338 0.09414895
 [3,] 0.09662890 0.10178622 0.10527221 0.10702963 0.10702963 0.10527221 0.10178622
 [4,] 0.10475723 0.11034838 0.11412761 0.11603286 0.11603286 0.11412761 0.11034838
 [5,] 0.11390314 0.11998243 0.12409160 0.12616320 0.12616320 0.12409160 0.11998243
 [6,] 0.12423290 0.13086351 0.13534534 0.13760481 0.13760481 0.13534534 0.13086351
 [7,] 0.13594519 0.14320091 0.14810528 0.15057776 0.15057776 0.14810528 0.14320091
 [8,] 0.14927794 0.15724526 0.16263062 0.16534559 0.16534559 0.16263062 0.15724526
 [9,] 0.16451642 0.17329706 0.17923216 0.18222428 0.18222428 0.17923216 0.17329706
[10,] 0.18200258 0.19171650 0.19828244 0.20159258 0.20159258 0.19828244 0.19171650
[11,] 0.20214541 0.21293440 0.22022701 0.22390350 0.22390350 0.22022701 0.21293440
[12,] 0.22543137 0.23746318 0.24559586 0.24969586 0.24969586 0.24559586 0.23746318
[13,] 0.25243311 0.26590608 0.27501287 0.27960396 0.27960396 0.27501287 0.26590608
[14,] 0.28381270 0.29896046 0.30919931 0.31436111 0.31436111 0.30919931 0.29896046
[15,] 0.32031209 0.33740791 0.34896351 0.35478914 0.35478914 0.34896351 0.33740791
[16,] 0.36271842 0.38207758 0.39516303 0.40175992 0.40175992 0.39516303 0.38207758
[17,] 0.41178303 0.43376088 0.44861639 0.45610564 0.45610564 0.44861639 0.43376088
[18,] 0.46806251 0.49304414 0.50992999 0.51844281 0.51844281 0.50992999 0.49304414
[19,] 0.53164066 0.56001560 0.57919511 0.58886424 0.58886424 0.57919511 0.56001560
[20,] 0.60169474 0.63380864 0.65551542 0.66645865 0.66645865 0.65551542 0.63380864
[21,] 0.67591570 0.71199095 0.73637532 0.74866844 0.74866844 0.73637532 0.71199095
[22,] 0.74991967 0.78994469 0.81699884 0.83063789 0.83063789 0.81699884 0.78994469
[23,] 0.81700853 0.86061424 0.89008869 0.90494791 0.90494791 0.89008869 0.86061424
[24,] 0.86882612 0.91519747 0.94654129 0.96234294 0.96234294 0.94654129 0.91519747
[25,] 0.89728049 0.94517051 0.97754086 0.99386001 0.99386001 0.97754086 0.94517051
[26,] 0.89728049 0.94517051 0.97754086 0.99386001 0.99386001 0.97754086 0.94517051
[27,] 0.86882612 0.91519747 0.94654129 0.96234294 0.96234294 0.94654129 0.91519747
[28,] 0.81700853 0.86061424 0.89008869 0.90494791 0.90494791 0.89008869 0.86061424
[29,] 0.74991967 0.78994469 0.81699884 0.83063789 0.83063789 0.81699884 0.78994469
[30,] 0.67591570 0.71199095 0.73637532 0.74866844 0.74866844 0.73637532 0.71199095
[31,] 0.60169474 0.63380864 0.65551542 0.66645865 0.66645865 0.65551542 0.63380864
[32,] 0.53164066 0.56001560 0.57919511 0.58886424 0.58886424 0.57919511 0.56001560
[33,] 0.46806251 0.49304414 0.50992999 0.51844281 0.51844281 0.50992999 0.49304414
[34,] 0.41178303 0.43376088 0.44861639 0.45610564 0.45610564 0.44861639 0.43376088
[35,] 0.36271842 0.38207758 0.39516303 0.40175992 0.40175992 0.39516303 0.38207758
[36,] 0.32031209 0.33740791 0.34896351 0.35478914 0.35478914 0.34896351 0.33740791
[37,] 0.28381270 0.29896046 0.30919931 0.31436111 0.31436111 0.30919931 0.29896046
[38,] 0.25243311 0.26590608 0.27501287 0.27960396 0.27960396 0.27501287 0.26590608
[39,] 0.22543137 0.23746318 0.24559586 0.24969586 0.24969586 0.24559586 0.23746318
[40,] 0.20214541 0.21293440 0.22022701 0.22390350 0.22390350 0.22022701 0.21293440
[41,] 0.18200258 0.19171650 0.19828244 0.20159258 0.20159258 0.19828244 0.19171650
[42,] 0.16451642 0.17329706 0.17923216 0.18222428 0.18222428 0.17923216 0.17329706
[43,] 0.14927794 0.15724526 0.16263062 0.16534559 0.16534559 0.16263062 0.15724526
[44,] 0.13594519 0.14320091 0.14810528 0.15057776 0.15057776 0.14810528 0.14320091
[45,] 0.12423290 0.13086351 0.13534534 0.13760481 0.13760481 0.13534534 0.13086351
[46,] 0.11390314 0.11998243 0.12409160 0.12616320 0.12616320 0.12409160 0.11998243
[47,] 0.10475723 0.11034838 0.11412761 0.11603286 0.11603286 0.11412761 0.11034838
[48,] 0.09662890 0.10178622 0.10527221 0.10702963 0.10702963 0.10527221 0.10178622
[49,] 0.08937860 0.09414895 0.09737338 0.09899894 0.09899894 0.09737338 0.09414895
[50,] 0.08288884 0.08731281 0.09030312 0.09181065 0.09181065 0.09030312 0.08731281
           [,29]      [,30]      [,31]      [,32]      [,33]      [,34]      [,35]
 [1,] 0.08288884 0.07710383 0.07005278 0.06185146 0.05263454 0.04255337 0.03177347
 [2,] 0.08937860 0.08314065 0.07553754 0.06669410 0.05675555 0.04588507 0.03426117
 [3,] 0.09662890 0.08988494 0.08166507 0.07210426 0.06135950 0.04960723 0.03704040
 [4,] 0.10475723 0.09744598 0.08853466 0.07816961 0.06652101 0.05378014 0.04015620
 [5,] 0.11390314 0.10595357 0.09626424 0.08499426 0.07232868 0.05847545 0.04366207
 [6,] 0.12423290 0.11556239 0.10499435 0.09270230 0.07888809 0.06377853 0.04762174
 [7,] 0.13594519 0.12645725 0.11489289 0.10144199 0.08632541 0.06979137 0.05211137
 [8,] 0.14927794 0.13885948 0.12616095 0.11139085 0.09479173 0.07663613 0.05722216
 [9,] 0.16451642 0.15303443 0.13903961 0.12276177 0.10446819 0.08445924 0.06306347
[10,] 0.18200258 0.16930019 0.15381789 0.13580991 0.11557193 0.09343626 0.06976638
[11,] 0.20214541 0.18803720 0.17084143 0.15084044 0.12836266 0.10377716 0.07748765
[12,] 0.22543137 0.20969798 0.19052135 0.16821637 0.14314928 0.11573168 0.08641377
[13,] 0.25243311 0.23481520 0.21334164 0.18836501 0.16029543 0.12959380 0.09676425
[14,] 0.28381270 0.26400473 0.23986182 0.21178038 0.18022151 0.14570341 0.10879287
[15,] 0.32031209 0.29795674 0.27070896 0.23901614 0.20339868 0.16444143 0.12278404
[16,] 0.36271842 0.33740344 0.30654830 0.27065965 0.23032677 0.18621194 0.13903951
[17,] 0.41178303 0.38304371 0.34801483 0.30727155 0.26148288 0.21140067 0.15784726
[18,] 0.46806251 0.43539531 0.39557894 0.34926717 0.29722044 0.24029336 0.17942067
[19,] 0.53164066 0.49453619 0.44931145 0.39670903 0.33759266 0.27293303 0.20379184
[20,] 0.60169474 0.55970103 0.50851705 0.44898323 0.38207712 0.30889731 0.23064541
[21,] 0.67591570 0.62874193 0.57124424 0.50436673 0.42920754 0.34700077 0.25909626
[22,] 0.74991967 0.69758099 0.63378805 0.55958833 0.47620018 0.38499284 0.28746393
[23,] 0.81700853 0.75998756 0.69048761 0.60964988 0.51880171 0.41943483 0.31318085
[24,] 0.86882612 0.80818868 0.73428080 0.64831605 0.55170597 0.44603689 0.33304390
[25,] 0.89728049 0.83465714 0.75832876 0.66954863 0.56977453 0.46064475 0.34395120
[26,] 0.89728049 0.83465714 0.75832876 0.66954863 0.56977453 0.46064475 0.34395120
[27,] 0.86882612 0.80818868 0.73428080 0.64831605 0.55170597 0.44603689 0.33304390
[28,] 0.81700853 0.75998756 0.69048761 0.60964988 0.51880171 0.41943483 0.31318085
[29,] 0.74991967 0.69758099 0.63378805 0.55958833 0.47620018 0.38499284 0.28746393
[30,] 0.67591570 0.62874193 0.57124424 0.50436673 0.42920754 0.34700077 0.25909626
[31,] 0.60169474 0.55970103 0.50851705 0.44898323 0.38207712 0.30889731 0.23064541
[32,] 0.53164066 0.49453619 0.44931145 0.39670903 0.33759266 0.27293303 0.20379184
[33,] 0.46806251 0.43539531 0.39557894 0.34926717 0.29722044 0.24029336 0.17942067
[34,] 0.41178303 0.38304371 0.34801483 0.30727155 0.26148288 0.21140067 0.15784726
[35,] 0.36271842 0.33740344 0.30654830 0.27065965 0.23032677 0.18621194 0.13903951
[36,] 0.32031209 0.29795674 0.27070896 0.23901614 0.20339868 0.16444143 0.12278404
[37,] 0.28381270 0.26400473 0.23986182 0.21178038 0.18022151 0.14570341 0.10879287
[38,] 0.25243311 0.23481520 0.21334164 0.18836501 0.16029543 0.12959380 0.09676425
[39,] 0.22543137 0.20969798 0.19052135 0.16821637 0.14314928 0.11573168 0.08641377
[40,] 0.20214541 0.18803720 0.17084143 0.15084044 0.12836266 0.10377716 0.07748765
[41,] 0.18200258 0.16930019 0.15381789 0.13580991 0.11557193 0.09343626 0.06976638
[42,] 0.16451642 0.15303443 0.13903961 0.12276177 0.10446819 0.08445924 0.06306347
[43,] 0.14927794 0.13885948 0.12616095 0.11139085 0.09479173 0.07663613 0.05722216
[44,] 0.13594519 0.12645725 0.11489289 0.10144199 0.08632541 0.06979137 0.05211137
[45,] 0.12423290 0.11556239 0.10499435 0.09270230 0.07888809 0.06377853 0.04762174
[46,] 0.11390314 0.10595357 0.09626424 0.08499426 0.07232868 0.05847545 0.04366207
[47,] 0.10475723 0.09744598 0.08853466 0.07816961 0.06652101 0.05378014 0.04015620
[48,] 0.09662890 0.08988494 0.08166507 0.07210426 0.06135950 0.04960723 0.03704040
[49,] 0.08937860 0.08314065 0.07553754 0.06669410 0.05675555 0.04588507 0.03426117
[50,] 0.08288884 0.07710383 0.07005278 0.06185146 0.05263454 0.04255337 0.03177347
           [,36]       [,37]        [,38]       [,39]       [,40]       [,41]       [,42]
 [1,] 0.02047185 0.008834087 -0.002948735 -0.01468314 -0.02617644 -0.03723993 -0.04769194
 [2,] 0.02207469 0.009525749 -0.003179605 -0.01583275 -0.02822592 -0.04015562 -0.05142597
 [3,] 0.02386537 0.010298468 -0.003437531 -0.01711709 -0.03051558 -0.04341301 -0.05559760
 [4,] 0.02587290 0.011164766 -0.003726693 -0.01855696 -0.03308252 -0.04706487 -0.06027442
 [5,] 0.02813175 0.012139514 -0.004052055 -0.02017709 -0.03597082 -0.05117390 -0.06553672
 [6,] 0.03068299 0.013240434 -0.004419532 -0.02200693 -0.03923297 -0.05581481 -0.07148017
 [7,] 0.03357569 0.014488701 -0.004836191 -0.02408167 -0.04293173 -0.06107686 -0.07821910
 [8,] 0.03686861 0.015909672 -0.005310498 -0.02644347 -0.04714224 -0.06706694 -0.08589040
 [9,] 0.04063220 0.017533752 -0.005852600 -0.02914285 -0.05195458 -0.07391322 -0.09465820
[10,] 0.04495093 0.019397384 -0.006474663 -0.03224040 -0.05747674 -0.08176932 -0.10471925
[11,] 0.04992579 0.021544156 -0.007191236 -0.03580855 -0.06383788 -0.09081901 -0.11630888
[12,] 0.05567695 0.024025916 -0.008019623 -0.03993348 -0.07119163 -0.10128082 -0.12970697
[13,] 0.06234583 0.026903695 -0.008980199 -0.04471664 -0.07971883 -0.11341204 -0.14524303
[14,] 0.07009595 0.030248053 -0.010096514 -0.05027530 -0.08962856 -0.12751012 -0.16329798
[15,] 0.07911055 0.034138067 -0.011394964 -0.05674089 -0.10115513 -0.14390841 -0.18429872
[16,] 0.08958405 0.038657629 -0.012903551 -0.06425285 -0.11454713 -0.16296054 -0.20869815
[17,] 0.10170201 0.043886814 -0.014649003 -0.07294428 -0.13004182 -0.18500408 -0.23692857
[18,] 0.11560189 0.049884941 -0.016651121 -0.08291377 -0.14781498 -0.21028907 -0.26931022
[19,] 0.13130440 0.056660942 -0.018912886 -0.09417617 -0.16789308 -0.23885319 -0.30589133
[20,] 0.14860633 0.064127132 -0.021405030 -0.10658572 -0.19001628 -0.27032678 -0.34619851
[21,] 0.16693739 0.072037417 -0.024045408 -0.11973341 -0.21345539 -0.30367244 -0.38890320
[22,] 0.18521486 0.079924578 -0.026678068 -0.13284266 -0.23682598 -0.33692062 -0.43148304
[23,] 0.20178444 0.087074741 -0.029064725 -0.14472695 -0.25801276 -0.36706201 -0.47008411
[24,] 0.21458233 0.092597332 -0.030908113 -0.15390605 -0.27437685 -0.39034239 -0.49989852
[25,] 0.22160998 0.095629927 -0.031920365 -0.15894653 -0.28336279 -0.40312624 -0.51627038
[26,] 0.22160998 0.095629927 -0.031920365 -0.15894653 -0.28336279 -0.40312624 -0.51627038
[27,] 0.21458233 0.092597332 -0.030908113 -0.15390605 -0.27437685 -0.39034239 -0.49989852
[28,] 0.20178444 0.087074741 -0.029064725 -0.14472695 -0.25801276 -0.36706201 -0.47008411
[29,] 0.18521486 0.079924578 -0.026678068 -0.13284266 -0.23682598 -0.33692062 -0.43148304
[30,] 0.16693739 0.072037417 -0.024045408 -0.11973341 -0.21345539 -0.30367244 -0.38890320
[31,] 0.14860633 0.064127132 -0.021405030 -0.10658572 -0.19001628 -0.27032678 -0.34619851
[32,] 0.13130440 0.056660942 -0.018912886 -0.09417617 -0.16789308 -0.23885319 -0.30589133
[33,] 0.11560189 0.049884941 -0.016651121 -0.08291377 -0.14781498 -0.21028907 -0.26931022
[34,] 0.10170201 0.043886814 -0.014649003 -0.07294428 -0.13004182 -0.18500408 -0.23692857
[35,] 0.08958405 0.038657629 -0.012903551 -0.06425285 -0.11454713 -0.16296054 -0.20869815
[36,] 0.07911055 0.034138067 -0.011394964 -0.05674089 -0.10115513 -0.14390841 -0.18429872
[37,] 0.07009595 0.030248053 -0.010096514 -0.05027530 -0.08962856 -0.12751012 -0.16329798
[38,] 0.06234583 0.026903695 -0.008980199 -0.04471664 -0.07971883 -0.11341204 -0.14524303
[39,] 0.05567695 0.024025916 -0.008019623 -0.03993348 -0.07119163 -0.10128082 -0.12970697
[40,] 0.04992579 0.021544156 -0.007191236 -0.03580855 -0.06383788 -0.09081901 -0.11630888
[41,] 0.04495093 0.019397384 -0.006474663 -0.03224040 -0.05747674 -0.08176932 -0.10471925
[42,] 0.04063220 0.017533752 -0.005852600 -0.02914285 -0.05195458 -0.07391322 -0.09465820
[43,] 0.03686861 0.015909672 -0.005310498 -0.02644347 -0.04714224 -0.06706694 -0.08589040
[44,] 0.03357569 0.014488701 -0.004836191 -0.02408167 -0.04293173 -0.06107686 -0.07821910
[45,] 0.03068299 0.013240434 -0.004419532 -0.02200693 -0.03923297 -0.05581481 -0.07148017
[46,] 0.02813175 0.012139514 -0.004052055 -0.02017709 -0.03597082 -0.05117390 -0.06553672
[47,] 0.02587290 0.011164766 -0.003726693 -0.01855696 -0.03308252 -0.04706487 -0.06027442
[48,] 0.02386537 0.010298468 -0.003437531 -0.01711709 -0.03051558 -0.04341301 -0.05559760
[49,] 0.02207469 0.009525749 -0.003179605 -0.01583275 -0.02822592 -0.04015562 -0.05142597
[50,] 0.02047185 0.008834087 -0.002948735 -0.01468314 -0.02617644 -0.03723993 -0.04769194
            [,43]       [,44]       [,45]       [,46]       [,47]       [,48]       [,49]
 [1,] -0.05736085 -0.06608790 -0.07372979 -0.08016103 -0.08527603 -0.08899081 -0.09124435
 [2,] -0.06185191 -0.07126224 -0.07950244 -0.08643722 -0.09195270 -0.09595832 -0.09838830
 [3,] -0.06686927 -0.07704296 -0.08595160 -0.09344892 -0.09941181 -0.10374236 -0.10636947
 [4,] -0.07249426 -0.08352374 -0.09318177 -0.10130976 -0.10777424 -0.11246907 -0.11531717
 [5,] -0.07882342 -0.09081584 -0.10131707 -0.11015468 -0.11718355 -0.12228827 -0.12538502
 [6,] -0.08597183 -0.09905184 -0.11050541 -0.12014449 -0.12781080 -0.13337846 -0.13675606
 [7,] -0.09407699 -0.10839014 -0.12092352 -0.13147134 -0.13986041 -0.14595297 -0.14964899
 [8,] -0.10330354 -0.11902044 -0.13278303 -0.14436532 -0.15357714 -0.16026723 -0.16432573
 [9,] -0.11384889 -0.13117020 -0.14633769 -0.15910231 -0.16925449 -0.17662751 -0.18110031
[10,] -0.12594970 -0.14511205 -0.16189166 -0.17601302 -0.18724425 -0.19540094 -0.20034915
[11,] -0.13988897 -0.16117208 -0.17980875 -0.19549297 -0.20796720 -0.21702661 -0.22252245
[12,] -0.15600335 -0.17973815 -0.20052166 -0.21801260 -0.23192379 -0.24202679 -0.24815572
[13,] -0.17468913 -0.20126685 -0.22453976 -0.24412574 -0.25970318 -0.27101630 -0.27787935
[14,] -0.19640448 -0.22628603 -0.25245196 -0.27447265 -0.29198650 -0.30470594 -0.31242211
[15,] -0.22166284 -0.25538727 -0.28491825 -0.30977087 -0.32953707 -0.34389228 -0.35260078
[16,] -0.25100894 -0.28919816 -0.32263877 -0.35078165 -0.37316471 -0.38942041 -0.39928184
[17,] -0.28496270 -0.32831775 -0.36628184 -0.39823158 -0.42364238 -0.44209697 -0.45329235
[18,] -0.32390931 -0.37318981 -0.41634255 -0.45265895 -0.48154270 -0.50251954 -0.51524502
[19,] -0.36790675 -0.42388115 -0.47289544 -0.51414479 -0.54695190 -0.57077808 -0.58523209
[20,] -0.41638568 -0.47973581 -0.53520868 -0.58189345 -0.61902354 -0.64598928 -0.66234790
[21,] -0.46774818 -0.53891274 -0.60122837 -0.65367185 -0.69538206 -0.72567411 -0.74405061
[22,] -0.51896052 -0.59791668 -0.66705506 -0.72524042 -0.77151735 -0.80512599 -0.82551448
[23,] -0.56538744 -0.65140713 -0.72673073 -0.79012143 -0.84053836 -0.87715367 -0.89936615
[24,] -0.60124633 -0.69272169 -0.77282259 -0.84023375 -0.89384830 -0.93278589 -0.95640716
[25,] -0.62093736 -0.71540858 -0.79813280 -0.86775170 -0.92312215 -0.96333496 -0.98772983
[26,] -0.62093736 -0.71540858 -0.79813280 -0.86775170 -0.92312215 -0.96333496 -0.98772983
[27,] -0.60124633 -0.69272169 -0.77282259 -0.84023375 -0.89384830 -0.93278589 -0.95640716
[28,] -0.56538744 -0.65140713 -0.72673073 -0.79012143 -0.84053836 -0.87715367 -0.89936615
[29,] -0.51896052 -0.59791668 -0.66705506 -0.72524042 -0.77151735 -0.80512599 -0.82551448
[30,] -0.46774818 -0.53891274 -0.60122837 -0.65367185 -0.69538206 -0.72567411 -0.74405061
[31,] -0.41638568 -0.47973581 -0.53520868 -0.58189345 -0.61902354 -0.64598928 -0.66234790
[32,] -0.36790675 -0.42388115 -0.47289544 -0.51414479 -0.54695190 -0.57077808 -0.58523209
[33,] -0.32390931 -0.37318981 -0.41634255 -0.45265895 -0.48154270 -0.50251954 -0.51524502
[34,] -0.28496270 -0.32831775 -0.36628184 -0.39823158 -0.42364238 -0.44209697 -0.45329235
[35,] -0.25100894 -0.28919816 -0.32263877 -0.35078165 -0.37316471 -0.38942041 -0.39928184
[36,] -0.22166284 -0.25538727 -0.28491825 -0.30977087 -0.32953707 -0.34389228 -0.35260078
[37,] -0.19640448 -0.22628603 -0.25245196 -0.27447265 -0.29198650 -0.30470594 -0.31242211
[38,] -0.17468913 -0.20126685 -0.22453976 -0.24412574 -0.25970318 -0.27101630 -0.27787935
[39,] -0.15600335 -0.17973815 -0.20052166 -0.21801260 -0.23192379 -0.24202679 -0.24815572
[40,] -0.13988897 -0.16117208 -0.17980875 -0.19549297 -0.20796720 -0.21702661 -0.22252245
[41,] -0.12594970 -0.14511205 -0.16189166 -0.17601302 -0.18724425 -0.19540094 -0.20034915
[42,] -0.11384889 -0.13117020 -0.14633769 -0.15910231 -0.16925449 -0.17662751 -0.18110031
[43,] -0.10330354 -0.11902044 -0.13278303 -0.14436532 -0.15357714 -0.16026723 -0.16432573
[44,] -0.09407699 -0.10839014 -0.12092352 -0.13147134 -0.13986041 -0.14595297 -0.14964899
[45,] -0.08597183 -0.09905184 -0.11050541 -0.12014449 -0.12781080 -0.13337846 -0.13675606
[46,] -0.07882342 -0.09081584 -0.10131707 -0.11015468 -0.11718355 -0.12228827 -0.12538502
[47,] -0.07249426 -0.08352374 -0.09318177 -0.10130976 -0.10777424 -0.11246907 -0.11531717
[48,] -0.06686927 -0.07704296 -0.08595160 -0.09344892 -0.09941181 -0.10374236 -0.10636947
[49,] -0.06185191 -0.07126224 -0.07950244 -0.08643722 -0.09195270 -0.09595832 -0.09838830
[50,] -0.05736085 -0.06608790 -0.07372979 -0.08016103 -0.08527603 -0.08899081 -0.09124435
            [,50]
 [1,] -0.09199967
 [2,] -0.09920276
 [3,] -0.10724999
 [4,] -0.11627176
 [5,] -0.12642295
 [6,] -0.13788811
 [7,] -0.15088778
 [8,] -0.16568601
 [9,] -0.18259945
[10,] -0.20200763
[11,] -0.22436448
[12,] -0.25020994
[13,] -0.28017962
[14,] -0.31500833
[15,] -0.35551960
[16,] -0.40258707
[17,] -0.45704468
[18,] -0.51951019
[19,] -0.59007662
[20,] -0.66783078
[21,] -0.75020983
[22,] -0.83234804
[23,] -0.90681105
[24,] -0.96432424
[25,] -0.99590621
[26,] -0.99590621
[27,] -0.96432424
[28,] -0.90681105
[29,] -0.83234804
[30,] -0.75020983
[31,] -0.66783078
[32,] -0.59007662
[33,] -0.51951019
[34,] -0.45704468
[35,] -0.40258707
[36,] -0.35551960
[37,] -0.31500833
[38,] -0.28017962
[39,] -0.25020994
[40,] -0.22436448
[41,] -0.20200763
[42,] -0.18259945
[43,] -0.16568601
[44,] -0.15088778
[45,] -0.13788811
[46,] -0.12642295
[47,] -0.11627176
[48,] -0.10724999
[49,] -0.09920276
[50,] -0.09199967
> t(f)
              [,1]         [,2]         [,3]         [,4]         [,5]         [,6]
 [1,] -0.091999668 -0.099202758 -0.107249988 -0.116271758 -0.126422949 -0.137888115
 [2,] -0.091244352 -0.098388305 -0.106369467 -0.115317168 -0.125385019 -0.136756055
 [3,] -0.088990807 -0.095958318 -0.103742362 -0.112469074 -0.122288269 -0.133378465
 [4,] -0.085276034 -0.091952699 -0.099411811 -0.107774241 -0.117183550 -0.127810804
 [5,] -0.080161032 -0.086437219 -0.093448920 -0.101309757 -0.110154680 -0.120144493
 [6,] -0.073729787 -0.079502442 -0.085951601 -0.093181770 -0.101317074 -0.110505413
 [7,] -0.066087902 -0.071262237 -0.077042959 -0.083523742 -0.090815843 -0.099051837
 [8,] -0.057360855 -0.061851908 -0.066869274 -0.072494255 -0.078823420 -0.085971833
 [9,] -0.047691944 -0.051425973 -0.055597597 -0.060274415 -0.065536717 -0.071480174
[10,] -0.037239933 -0.040155624 -0.043413009 -0.047064871 -0.051173904 -0.055814812
[11,] -0.026176444 -0.028225921 -0.030515580 -0.033082523 -0.035970817 -0.039232972
[12,] -0.014683137 -0.015832750 -0.017117087 -0.018556960 -0.020177089 -0.022006929
[13,] -0.002948735 -0.003179605 -0.003437531 -0.003726693 -0.004052055 -0.004419532
[14,]  0.008834087  0.009525749  0.010298468  0.011164766  0.012139514  0.013240434
[15,]  0.020471852  0.022074690  0.023865367  0.025872900  0.028131753  0.030682992
[16,]  0.031773470  0.034261166  0.037040398  0.040156202  0.043662069  0.047621736
[17,]  0.042553369  0.045885074  0.049607226  0.053780140  0.058475455  0.063778533
[18,]  0.052634543  0.056755551  0.061359505  0.066521010  0.072328676  0.078888088
[19,]  0.061851459  0.066694103  0.072104262  0.078169606  0.084994261  0.092702302
[20,]  0.070052776  0.075537539  0.081665070  0.088534660  0.096264244  0.104994348
[21,]  0.077103828  0.083140651  0.089884939  0.097445977  0.105953570  0.115562389
[22,]  0.082888837  0.089378597  0.096628900  0.104757234  0.113903141  0.124232898
[23,]  0.087312814  0.094148948  0.101786217  0.110348380  0.119982427  0.130863508
[24,]  0.090303117  0.097373376  0.105272208  0.114127609  0.124091604  0.135345341
[25,]  0.091810645  0.098998935  0.107029631  0.116032865  0.126163200  0.137604809
[26,]  0.091810645  0.098998935  0.107029631  0.116032865  0.126163200  0.137604809
[27,]  0.090303117  0.097373376  0.105272208  0.114127609  0.124091604  0.135345341
[28,]  0.087312814  0.094148948  0.101786217  0.110348380  0.119982427  0.130863508
[29,]  0.082888837  0.089378597  0.096628900  0.104757234  0.113903141  0.124232898
[30,]  0.077103828  0.083140651  0.089884939  0.097445977  0.105953570  0.115562389
[31,]  0.070052776  0.075537539  0.081665070  0.088534660  0.096264244  0.104994348
[32,]  0.061851459  0.066694103  0.072104262  0.078169606  0.084994261  0.092702302
[33,]  0.052634543  0.056755551  0.061359505  0.066521010  0.072328676  0.078888088
[34,]  0.042553369  0.045885074  0.049607226  0.053780140  0.058475455  0.063778533
[35,]  0.031773470  0.034261166  0.037040398  0.040156202  0.043662069  0.047621736
[36,]  0.020471852  0.022074690  0.023865367  0.025872900  0.028131753  0.030682992
[37,]  0.008834087  0.009525749  0.010298468  0.011164766  0.012139514  0.013240434
[38,] -0.002948735 -0.003179605 -0.003437531 -0.003726693 -0.004052055 -0.004419532
[39,] -0.014683137 -0.015832750 -0.017117087 -0.018556960 -0.020177089 -0.022006929
[40,] -0.026176444 -0.028225921 -0.030515580 -0.033082523 -0.035970817 -0.039232972
[41,] -0.037239933 -0.040155624 -0.043413009 -0.047064871 -0.051173904 -0.055814812
[42,] -0.047691944 -0.051425973 -0.055597597 -0.060274415 -0.065536717 -0.071480174
[43,] -0.057360855 -0.061851908 -0.066869274 -0.072494255 -0.078823420 -0.085971833
[44,] -0.066087902 -0.071262237 -0.077042959 -0.083523742 -0.090815843 -0.099051837
[45,] -0.073729787 -0.079502442 -0.085951601 -0.093181770 -0.101317074 -0.110505413
[46,] -0.080161032 -0.086437219 -0.093448920 -0.101309757 -0.110154680 -0.120144493
[47,] -0.085276034 -0.091952699 -0.099411811 -0.107774241 -0.117183550 -0.127810804
[48,] -0.088990807 -0.095958318 -0.103742362 -0.112469074 -0.122288269 -0.133378465
[49,] -0.091244352 -0.098388305 -0.106369467 -0.115317168 -0.125385019 -0.136756055
[50,] -0.091999668 -0.099202758 -0.107249988 -0.116271758 -0.126422949 -0.137888115
              [,7]         [,8]        [,9]        [,10]        [,11]        [,12]
 [1,] -0.150887777 -0.165686014 -0.18259945 -0.202007627 -0.224364482 -0.250209943
 [2,] -0.149648990 -0.164325734 -0.18110031 -0.200349147 -0.222522453 -0.248155723
 [3,] -0.145952971 -0.160267230 -0.17662751 -0.195400940 -0.217026611 -0.242026792
 [4,] -0.139860409 -0.153577143 -0.16925449 -0.187244255 -0.207967198 -0.231923789
 [5,] -0.131471342 -0.144365323 -0.15910231 -0.176013024 -0.195492970 -0.218012603
 [6,] -0.120923520 -0.132783029 -0.14633769 -0.161891664 -0.179808752 -0.200521656
 [7,] -0.108390136 -0.119020440 -0.13117020 -0.145112048 -0.161172080 -0.179738150
 [8,] -0.094076990 -0.103303540 -0.11384889 -0.125949695 -0.139888966 -0.156003348
 [9,] -0.078219102 -0.085890398 -0.09465820 -0.104719253 -0.116308880 -0.129706975
[10,] -0.061076859 -0.067066939 -0.07391322 -0.081769323 -0.090819005 -0.101280817
[11,] -0.042931735 -0.047142242 -0.05195458 -0.057476743 -0.063837885 -0.071191631
[12,] -0.024081673 -0.026443470 -0.02914285 -0.032240396 -0.035808548 -0.039933481
[13,] -0.004836191 -0.005310498 -0.00585260 -0.006474663 -0.007191236 -0.008019623
[14,]  0.014488701  0.015909672  0.01753375  0.019397384  0.021544156  0.024025916
[15,]  0.033575689  0.036868607  0.04063220  0.044950926  0.049925794  0.055676950
[16,]  0.052111365  0.057222159  0.06306347  0.069766375  0.077487652  0.086413770
[17,]  0.069791374  0.076636126  0.08445924  0.093436262  0.103777164  0.115731679
[18,]  0.086325411  0.094791729  0.10446819  0.115571929  0.128362658  0.143149277
[19,]  0.101441987  0.111390855  0.12276177  0.135809908  0.150840441  0.168216367
[20,]  0.114892888  0.126160946  0.13903961  0.153817891  0.170841428  0.190521350
[21,]  0.126457251  0.138859477  0.15303443  0.169300189  0.188037203  0.209697977
[22,]  0.135945189  0.149277940  0.16451642  0.182002583  0.202145413  0.225431369
[23,]  0.143200912  0.157245264  0.17329706  0.191716500  0.212934401  0.237463184
[24,]  0.148105279  0.162630624  0.17923216  0.198282436  0.220227012  0.245595860
[25,]  0.150577762  0.165345594  0.18222428  0.201592581  0.223903501  0.249695860
[26,]  0.150577762  0.165345594  0.18222428  0.201592581  0.223903501  0.249695860
[27,]  0.148105279  0.162630624  0.17923216  0.198282436  0.220227012  0.245595860
[28,]  0.143200912  0.157245264  0.17329706  0.191716500  0.212934401  0.237463184
[29,]  0.135945189  0.149277940  0.16451642  0.182002583  0.202145413  0.225431369
[30,]  0.126457251  0.138859477  0.15303443  0.169300189  0.188037203  0.209697977
[31,]  0.114892888  0.126160946  0.13903961  0.153817891  0.170841428  0.190521350
[32,]  0.101441987  0.111390855  0.12276177  0.135809908  0.150840441  0.168216367
[33,]  0.086325411  0.094791729  0.10446819  0.115571929  0.128362658  0.143149277
[34,]  0.069791374  0.076636126  0.08445924  0.093436262  0.103777164  0.115731679
[35,]  0.052111365  0.057222159  0.06306347  0.069766375  0.077487652  0.086413770
[36,]  0.033575689  0.036868607  0.04063220  0.044950926  0.049925794  0.055676950
[37,]  0.014488701  0.015909672  0.01753375  0.019397384  0.021544156  0.024025916
[38,] -0.004836191 -0.005310498 -0.00585260 -0.006474663 -0.007191236 -0.008019623
[39,] -0.024081673 -0.026443470 -0.02914285 -0.032240396 -0.035808548 -0.039933481
[40,] -0.042931735 -0.047142242 -0.05195458 -0.057476743 -0.063837885 -0.071191631
[41,] -0.061076859 -0.067066939 -0.07391322 -0.081769323 -0.090819005 -0.101280817
[42,] -0.078219102 -0.085890398 -0.09465820 -0.104719253 -0.116308880 -0.129706975
[43,] -0.094076990 -0.103303540 -0.11384889 -0.125949695 -0.139888966 -0.156003348
[44,] -0.108390136 -0.119020440 -0.13117020 -0.145112048 -0.161172080 -0.179738150
[45,] -0.120923520 -0.132783029 -0.14633769 -0.161891664 -0.179808752 -0.200521656
[46,] -0.131471342 -0.144365323 -0.15910231 -0.176013024 -0.195492970 -0.218012603
[47,] -0.139860409 -0.153577143 -0.16925449 -0.187244255 -0.207967198 -0.231923789
[48,] -0.145952971 -0.160267230 -0.17662751 -0.195400940 -0.217026611 -0.242026792
[49,] -0.149648990 -0.164325734 -0.18110031 -0.200349147 -0.222522453 -0.248155723
[50,] -0.150887777 -0.165686014 -0.18259945 -0.202007627 -0.224364482 -0.250209943
             [,13]       [,14]       [,15]       [,16]       [,17]       [,18]       [,19]
 [1,] -0.280179617 -0.31500833 -0.35551960 -0.40258707 -0.45704468 -0.51951019 -0.59007662
 [2,] -0.277879346 -0.31242211 -0.35260078 -0.39928184 -0.45329235 -0.51524502 -0.58523209
 [3,] -0.271016304 -0.30470594 -0.34389228 -0.38942041 -0.44209697 -0.50251954 -0.57077808
 [4,] -0.259703182 -0.29198650 -0.32953707 -0.37316471 -0.42364238 -0.48154270 -0.54695190
 [5,] -0.244125741 -0.27447265 -0.30977087 -0.35078165 -0.39823158 -0.45265895 -0.51414479
 [6,] -0.224539762 -0.25245196 -0.28491825 -0.32263877 -0.36628184 -0.41634255 -0.47289544
 [7,] -0.201266846 -0.22628603 -0.25538727 -0.28919816 -0.32831775 -0.37318981 -0.42388115
 [8,] -0.174689134 -0.19640448 -0.22166284 -0.25100894 -0.28496270 -0.32390931 -0.36790675
 [9,] -0.145243031 -0.16329798 -0.18429872 -0.20869815 -0.23692857 -0.26931022 -0.30589133
[10,] -0.113412042 -0.12751012 -0.14390841 -0.16296054 -0.18500408 -0.21028907 -0.23885319
[11,] -0.079718830 -0.08962856 -0.10115513 -0.11454713 -0.13004182 -0.14781498 -0.16789308
[12,] -0.044716637 -0.05027530 -0.05674089 -0.06425285 -0.07294428 -0.08291377 -0.09417617
[13,] -0.008980199 -0.01009651 -0.01139496 -0.01290355 -0.01464900 -0.01665112 -0.01891289
[14,]  0.026903695  0.03024805  0.03413807  0.03865763  0.04388681  0.04988494  0.05666094
[15,]  0.062345830  0.07009595  0.07911055  0.08958405  0.10170201  0.11560189  0.13130440
[16,]  0.096764249  0.10879287  0.12278404  0.13903951  0.15784726  0.17942067  0.20379184
[17,]  0.129593801  0.14570341  0.16444143  0.18621194  0.21140067  0.24029336  0.27293303
[18,]  0.160295427  0.18022151  0.20339868  0.23032677  0.26148288  0.29722044  0.33759266
[19,]  0.188365006  0.21178038  0.23901614  0.27065965  0.30727155  0.34926717  0.39670903
[20,]  0.213341637  0.23986182  0.27070896  0.30654830  0.34801483  0.39557894  0.44931145
[21,]  0.234815204  0.26400473  0.29795674  0.33740344  0.38304371  0.43539531  0.49453619
[22,]  0.252433112  0.28381270  0.32031209  0.36271842  0.41178303  0.46806251  0.53164066
[23,]  0.265906076  0.29896046  0.33740791  0.38207758  0.43376088  0.49304414  0.56001560
[24,]  0.275012869  0.30919931  0.34896351  0.39516303  0.44861639  0.50992999  0.57919511
[25,]  0.279603958  0.31436111  0.35478914  0.40175992  0.45610564  0.51844281  0.58886424
[26,]  0.279603958  0.31436111  0.35478914  0.40175992  0.45610564  0.51844281  0.58886424
[27,]  0.275012869  0.30919931  0.34896351  0.39516303  0.44861639  0.50992999  0.57919511
[28,]  0.265906076  0.29896046  0.33740791  0.38207758  0.43376088  0.49304414  0.56001560
[29,]  0.252433112  0.28381270  0.32031209  0.36271842  0.41178303  0.46806251  0.53164066
[30,]  0.234815204  0.26400473  0.29795674  0.33740344  0.38304371  0.43539531  0.49453619
[31,]  0.213341637  0.23986182  0.27070896  0.30654830  0.34801483  0.39557894  0.44931145
[32,]  0.188365006  0.21178038  0.23901614  0.27065965  0.30727155  0.34926717  0.39670903
[33,]  0.160295427  0.18022151  0.20339868  0.23032677  0.26148288  0.29722044  0.33759266
[34,]  0.129593801  0.14570341  0.16444143  0.18621194  0.21140067  0.24029336  0.27293303
[35,]  0.096764249  0.10879287  0.12278404  0.13903951  0.15784726  0.17942067  0.20379184
[36,]  0.062345830  0.07009595  0.07911055  0.08958405  0.10170201  0.11560189  0.13130440
[37,]  0.026903695  0.03024805  0.03413807  0.03865763  0.04388681  0.04988494  0.05666094
[38,] -0.008980199 -0.01009651 -0.01139496 -0.01290355 -0.01464900 -0.01665112 -0.01891289
[39,] -0.044716637 -0.05027530 -0.05674089 -0.06425285 -0.07294428 -0.08291377 -0.09417617
[40,] -0.079718830 -0.08962856 -0.10115513 -0.11454713 -0.13004182 -0.14781498 -0.16789308
[41,] -0.113412042 -0.12751012 -0.14390841 -0.16296054 -0.18500408 -0.21028907 -0.23885319
[42,] -0.145243031 -0.16329798 -0.18429872 -0.20869815 -0.23692857 -0.26931022 -0.30589133
[43,] -0.174689134 -0.19640448 -0.22166284 -0.25100894 -0.28496270 -0.32390931 -0.36790675
[44,] -0.201266846 -0.22628603 -0.25538727 -0.28919816 -0.32831775 -0.37318981 -0.42388115
[45,] -0.224539762 -0.25245196 -0.28491825 -0.32263877 -0.36628184 -0.41634255 -0.47289544
[46,] -0.244125741 -0.27447265 -0.30977087 -0.35078165 -0.39823158 -0.45265895 -0.51414479
[47,] -0.259703182 -0.29198650 -0.32953707 -0.37316471 -0.42364238 -0.48154270 -0.54695190
[48,] -0.271016304 -0.30470594 -0.34389228 -0.38942041 -0.44209697 -0.50251954 -0.57077808
[49,] -0.277879346 -0.31242211 -0.35260078 -0.39928184 -0.45329235 -0.51524502 -0.58523209
[50,] -0.280179617 -0.31500833 -0.35551960 -0.40258707 -0.45704468 -0.51951019 -0.59007662
            [,20]       [,21]       [,22]       [,23]       [,24]       [,25]       [,26]
 [1,] -0.66783078 -0.75020983 -0.83234804 -0.90681105 -0.96432424 -0.99590621 -0.99590621
 [2,] -0.66234790 -0.74405061 -0.82551448 -0.89936615 -0.95640716 -0.98772983 -0.98772983
 [3,] -0.64598928 -0.72567411 -0.80512599 -0.87715367 -0.93278589 -0.96333496 -0.96333496
 [4,] -0.61902354 -0.69538206 -0.77151735 -0.84053836 -0.89384830 -0.92312215 -0.92312215
 [5,] -0.58189345 -0.65367185 -0.72524042 -0.79012143 -0.84023375 -0.86775170 -0.86775170
 [6,] -0.53520868 -0.60122837 -0.66705506 -0.72673073 -0.77282259 -0.79813280 -0.79813280
 [7,] -0.47973581 -0.53891274 -0.59791668 -0.65140713 -0.69272169 -0.71540858 -0.71540858
 [8,] -0.41638568 -0.46774818 -0.51896052 -0.56538744 -0.60124633 -0.62093736 -0.62093736
 [9,] -0.34619851 -0.38890320 -0.43148304 -0.47008411 -0.49989852 -0.51627038 -0.51627038
[10,] -0.27032678 -0.30367244 -0.33692062 -0.36706201 -0.39034239 -0.40312624 -0.40312624
[11,] -0.19001628 -0.21345539 -0.23682598 -0.25801276 -0.27437685 -0.28336279 -0.28336279
[12,] -0.10658572 -0.11973341 -0.13284266 -0.14472695 -0.15390605 -0.15894653 -0.15894653
[13,] -0.02140503 -0.02404541 -0.02667807 -0.02906472 -0.03090811 -0.03192037 -0.03192037
[14,]  0.06412713  0.07203742  0.07992458  0.08707474  0.09259733  0.09562993  0.09562993
[15,]  0.14860633  0.16693739  0.18521486  0.20178444  0.21458233  0.22160998  0.22160998
[16,]  0.23064541  0.25909626  0.28746393  0.31318085  0.33304390  0.34395120  0.34395120
[17,]  0.30889731  0.34700077  0.38499284  0.41943483  0.44603689  0.46064475  0.46064475
[18,]  0.38207712  0.42920754  0.47620018  0.51880171  0.55170597  0.56977453  0.56977453
[19,]  0.44898323  0.50436673  0.55958833  0.60964988  0.64831605  0.66954863  0.66954863
[20,]  0.50851705  0.57124424  0.63378805  0.69048761  0.73428080  0.75832876  0.75832876
[21,]  0.55970103  0.62874193  0.69758099  0.75998756  0.80818868  0.83465714  0.83465714
[22,]  0.60169474  0.67591570  0.74991967  0.81700853  0.86882612  0.89728049  0.89728049
[23,]  0.63380864  0.71199095  0.78994469  0.86061424  0.91519747  0.94517051  0.94517051
[24,]  0.65551542  0.73637532  0.81699884  0.89008869  0.94654129  0.97754086  0.97754086
[25,]  0.66645865  0.74866844  0.83063789  0.90494791  0.96234294  0.99386001  0.99386001
[26,]  0.66645865  0.74866844  0.83063789  0.90494791  0.96234294  0.99386001  0.99386001
[27,]  0.65551542  0.73637532  0.81699884  0.89008869  0.94654129  0.97754086  0.97754086
[28,]  0.63380864  0.71199095  0.78994469  0.86061424  0.91519747  0.94517051  0.94517051
[29,]  0.60169474  0.67591570  0.74991967  0.81700853  0.86882612  0.89728049  0.89728049
[30,]  0.55970103  0.62874193  0.69758099  0.75998756  0.80818868  0.83465714  0.83465714
[31,]  0.50851705  0.57124424  0.63378805  0.69048761  0.73428080  0.75832876  0.75832876
[32,]  0.44898323  0.50436673  0.55958833  0.60964988  0.64831605  0.66954863  0.66954863
[33,]  0.38207712  0.42920754  0.47620018  0.51880171  0.55170597  0.56977453  0.56977453
[34,]  0.30889731  0.34700077  0.38499284  0.41943483  0.44603689  0.46064475  0.46064475
[35,]  0.23064541  0.25909626  0.28746393  0.31318085  0.33304390  0.34395120  0.34395120
[36,]  0.14860633  0.16693739  0.18521486  0.20178444  0.21458233  0.22160998  0.22160998
[37,]  0.06412713  0.07203742  0.07992458  0.08707474  0.09259733  0.09562993  0.09562993
[38,] -0.02140503 -0.02404541 -0.02667807 -0.02906472 -0.03090811 -0.03192037 -0.03192037
[39,] -0.10658572 -0.11973341 -0.13284266 -0.14472695 -0.15390605 -0.15894653 -0.15894653
[40,] -0.19001628 -0.21345539 -0.23682598 -0.25801276 -0.27437685 -0.28336279 -0.28336279
[41,] -0.27032678 -0.30367244 -0.33692062 -0.36706201 -0.39034239 -0.40312624 -0.40312624
[42,] -0.34619851 -0.38890320 -0.43148304 -0.47008411 -0.49989852 -0.51627038 -0.51627038
[43,] -0.41638568 -0.46774818 -0.51896052 -0.56538744 -0.60124633 -0.62093736 -0.62093736
[44,] -0.47973581 -0.53891274 -0.59791668 -0.65140713 -0.69272169 -0.71540858 -0.71540858
[45,] -0.53520868 -0.60122837 -0.66705506 -0.72673073 -0.77282259 -0.79813280 -0.79813280
[46,] -0.58189345 -0.65367185 -0.72524042 -0.79012143 -0.84023375 -0.86775170 -0.86775170
[47,] -0.61902354 -0.69538206 -0.77151735 -0.84053836 -0.89384830 -0.92312215 -0.92312215
[48,] -0.64598928 -0.72567411 -0.80512599 -0.87715367 -0.93278589 -0.96333496 -0.96333496
[49,] -0.66234790 -0.74405061 -0.82551448 -0.89936615 -0.95640716 -0.98772983 -0.98772983
[50,] -0.66783078 -0.75020983 -0.83234804 -0.90681105 -0.96432424 -0.99590621 -0.99590621
            [,27]       [,28]       [,29]       [,30]       [,31]       [,32]       [,33]
 [1,] -0.96432424 -0.90681105 -0.83234804 -0.75020983 -0.66783078 -0.59007662 -0.51951019
 [2,] -0.95640716 -0.89936615 -0.82551448 -0.74405061 -0.66234790 -0.58523209 -0.51524502
 [3,] -0.93278589 -0.87715367 -0.80512599 -0.72567411 -0.64598928 -0.57077808 -0.50251954
 [4,] -0.89384830 -0.84053836 -0.77151735 -0.69538206 -0.61902354 -0.54695190 -0.48154270
 [5,] -0.84023375 -0.79012143 -0.72524042 -0.65367185 -0.58189345 -0.51414479 -0.45265895
 [6,] -0.77282259 -0.72673073 -0.66705506 -0.60122837 -0.53520868 -0.47289544 -0.41634255
 [7,] -0.69272169 -0.65140713 -0.59791668 -0.53891274 -0.47973581 -0.42388115 -0.37318981
 [8,] -0.60124633 -0.56538744 -0.51896052 -0.46774818 -0.41638568 -0.36790675 -0.32390931
 [9,] -0.49989852 -0.47008411 -0.43148304 -0.38890320 -0.34619851 -0.30589133 -0.26931022
[10,] -0.39034239 -0.36706201 -0.33692062 -0.30367244 -0.27032678 -0.23885319 -0.21028907
[11,] -0.27437685 -0.25801276 -0.23682598 -0.21345539 -0.19001628 -0.16789308 -0.14781498
[12,] -0.15390605 -0.14472695 -0.13284266 -0.11973341 -0.10658572 -0.09417617 -0.08291377
[13,] -0.03090811 -0.02906472 -0.02667807 -0.02404541 -0.02140503 -0.01891289 -0.01665112
[14,]  0.09259733  0.08707474  0.07992458  0.07203742  0.06412713  0.05666094  0.04988494
[15,]  0.21458233  0.20178444  0.18521486  0.16693739  0.14860633  0.13130440  0.11560189
[16,]  0.33304390  0.31318085  0.28746393  0.25909626  0.23064541  0.20379184  0.17942067
[17,]  0.44603689  0.41943483  0.38499284  0.34700077  0.30889731  0.27293303  0.24029336
[18,]  0.55170597  0.51880171  0.47620018  0.42920754  0.38207712  0.33759266  0.29722044
[19,]  0.64831605  0.60964988  0.55958833  0.50436673  0.44898323  0.39670903  0.34926717
[20,]  0.73428080  0.69048761  0.63378805  0.57124424  0.50851705  0.44931145  0.39557894
[21,]  0.80818868  0.75998756  0.69758099  0.62874193  0.55970103  0.49453619  0.43539531
[22,]  0.86882612  0.81700853  0.74991967  0.67591570  0.60169474  0.53164066  0.46806251
[23,]  0.91519747  0.86061424  0.78994469  0.71199095  0.63380864  0.56001560  0.49304414
[24,]  0.94654129  0.89008869  0.81699884  0.73637532  0.65551542  0.57919511  0.50992999
[25,]  0.96234294  0.90494791  0.83063789  0.74866844  0.66645865  0.58886424  0.51844281
[26,]  0.96234294  0.90494791  0.83063789  0.74866844  0.66645865  0.58886424  0.51844281
[27,]  0.94654129  0.89008869  0.81699884  0.73637532  0.65551542  0.57919511  0.50992999
[28,]  0.91519747  0.86061424  0.78994469  0.71199095  0.63380864  0.56001560  0.49304414
[29,]  0.86882612  0.81700853  0.74991967  0.67591570  0.60169474  0.53164066  0.46806251
[30,]  0.80818868  0.75998756  0.69758099  0.62874193  0.55970103  0.49453619  0.43539531
[31,]  0.73428080  0.69048761  0.63378805  0.57124424  0.50851705  0.44931145  0.39557894
[32,]  0.64831605  0.60964988  0.55958833  0.50436673  0.44898323  0.39670903  0.34926717
[33,]  0.55170597  0.51880171  0.47620018  0.42920754  0.38207712  0.33759266  0.29722044
[34,]  0.44603689  0.41943483  0.38499284  0.34700077  0.30889731  0.27293303  0.24029336
[35,]  0.33304390  0.31318085  0.28746393  0.25909626  0.23064541  0.20379184  0.17942067
[36,]  0.21458233  0.20178444  0.18521486  0.16693739  0.14860633  0.13130440  0.11560189
[37,]  0.09259733  0.08707474  0.07992458  0.07203742  0.06412713  0.05666094  0.04988494
[38,] -0.03090811 -0.02906472 -0.02667807 -0.02404541 -0.02140503 -0.01891289 -0.01665112
[39,] -0.15390605 -0.14472695 -0.13284266 -0.11973341 -0.10658572 -0.09417617 -0.08291377
[40,] -0.27437685 -0.25801276 -0.23682598 -0.21345539 -0.19001628 -0.16789308 -0.14781498
[41,] -0.39034239 -0.36706201 -0.33692062 -0.30367244 -0.27032678 -0.23885319 -0.21028907
[42,] -0.49989852 -0.47008411 -0.43148304 -0.38890320 -0.34619851 -0.30589133 -0.26931022
[43,] -0.60124633 -0.56538744 -0.51896052 -0.46774818 -0.41638568 -0.36790675 -0.32390931
[44,] -0.69272169 -0.65140713 -0.59791668 -0.53891274 -0.47973581 -0.42388115 -0.37318981
[45,] -0.77282259 -0.72673073 -0.66705506 -0.60122837 -0.53520868 -0.47289544 -0.41634255
[46,] -0.84023375 -0.79012143 -0.72524042 -0.65367185 -0.58189345 -0.51414479 -0.45265895
[47,] -0.89384830 -0.84053836 -0.77151735 -0.69538206 -0.61902354 -0.54695190 -0.48154270
[48,] -0.93278589 -0.87715367 -0.80512599 -0.72567411 -0.64598928 -0.57077808 -0.50251954
[49,] -0.95640716 -0.89936615 -0.82551448 -0.74405061 -0.66234790 -0.58523209 -0.51524502
[50,] -0.96432424 -0.90681105 -0.83234804 -0.75020983 -0.66783078 -0.59007662 -0.51951019
            [,34]       [,35]       [,36]       [,37]        [,38]        [,39]
 [1,] -0.45704468 -0.40258707 -0.35551960 -0.31500833 -0.280179617 -0.250209943
 [2,] -0.45329235 -0.39928184 -0.35260078 -0.31242211 -0.277879346 -0.248155723
 [3,] -0.44209697 -0.38942041 -0.34389228 -0.30470594 -0.271016304 -0.242026792
 [4,] -0.42364238 -0.37316471 -0.32953707 -0.29198650 -0.259703182 -0.231923789
 [5,] -0.39823158 -0.35078165 -0.30977087 -0.27447265 -0.244125741 -0.218012603
 [6,] -0.36628184 -0.32263877 -0.28491825 -0.25245196 -0.224539762 -0.200521656
 [7,] -0.32831775 -0.28919816 -0.25538727 -0.22628603 -0.201266846 -0.179738150
 [8,] -0.28496270 -0.25100894 -0.22166284 -0.19640448 -0.174689134 -0.156003348
 [9,] -0.23692857 -0.20869815 -0.18429872 -0.16329798 -0.145243031 -0.129706975
[10,] -0.18500408 -0.16296054 -0.14390841 -0.12751012 -0.113412042 -0.101280817
[11,] -0.13004182 -0.11454713 -0.10115513 -0.08962856 -0.079718830 -0.071191631
[12,] -0.07294428 -0.06425285 -0.05674089 -0.05027530 -0.044716637 -0.039933481
[13,] -0.01464900 -0.01290355 -0.01139496 -0.01009651 -0.008980199 -0.008019623
[14,]  0.04388681  0.03865763  0.03413807  0.03024805  0.026903695  0.024025916
[15,]  0.10170201  0.08958405  0.07911055  0.07009595  0.062345830  0.055676950
[16,]  0.15784726  0.13903951  0.12278404  0.10879287  0.096764249  0.086413770
[17,]  0.21140067  0.18621194  0.16444143  0.14570341  0.129593801  0.115731679
[18,]  0.26148288  0.23032677  0.20339868  0.18022151  0.160295427  0.143149277
[19,]  0.30727155  0.27065965  0.23901614  0.21178038  0.188365006  0.168216367
[20,]  0.34801483  0.30654830  0.27070896  0.23986182  0.213341637  0.190521350
[21,]  0.38304371  0.33740344  0.29795674  0.26400473  0.234815204  0.209697977
[22,]  0.41178303  0.36271842  0.32031209  0.28381270  0.252433112  0.225431369
[23,]  0.43376088  0.38207758  0.33740791  0.29896046  0.265906076  0.237463184
[24,]  0.44861639  0.39516303  0.34896351  0.30919931  0.275012869  0.245595860
[25,]  0.45610564  0.40175992  0.35478914  0.31436111  0.279603958  0.249695860
[26,]  0.45610564  0.40175992  0.35478914  0.31436111  0.279603958  0.249695860
[27,]  0.44861639  0.39516303  0.34896351  0.30919931  0.275012869  0.245595860
[28,]  0.43376088  0.38207758  0.33740791  0.29896046  0.265906076  0.237463184
[29,]  0.41178303  0.36271842  0.32031209  0.28381270  0.252433112  0.225431369
[30,]  0.38304371  0.33740344  0.29795674  0.26400473  0.234815204  0.209697977
[31,]  0.34801483  0.30654830  0.27070896  0.23986182  0.213341637  0.190521350
[32,]  0.30727155  0.27065965  0.23901614  0.21178038  0.188365006  0.168216367
[33,]  0.26148288  0.23032677  0.20339868  0.18022151  0.160295427  0.143149277
[34,]  0.21140067  0.18621194  0.16444143  0.14570341  0.129593801  0.115731679
[35,]  0.15784726  0.13903951  0.12278404  0.10879287  0.096764249  0.086413770
[36,]  0.10170201  0.08958405  0.07911055  0.07009595  0.062345830  0.055676950
[37,]  0.04388681  0.03865763  0.03413807  0.03024805  0.026903695  0.024025916
[38,] -0.01464900 -0.01290355 -0.01139496 -0.01009651 -0.008980199 -0.008019623
[39,] -0.07294428 -0.06425285 -0.05674089 -0.05027530 -0.044716637 -0.039933481
[40,] -0.13004182 -0.11454713 -0.10115513 -0.08962856 -0.079718830 -0.071191631
[41,] -0.18500408 -0.16296054 -0.14390841 -0.12751012 -0.113412042 -0.101280817
[42,] -0.23692857 -0.20869815 -0.18429872 -0.16329798 -0.145243031 -0.129706975
[43,] -0.28496270 -0.25100894 -0.22166284 -0.19640448 -0.174689134 -0.156003348
[44,] -0.32831775 -0.28919816 -0.25538727 -0.22628603 -0.201266846 -0.179738150
[45,] -0.36628184 -0.32263877 -0.28491825 -0.25245196 -0.224539762 -0.200521656
[46,] -0.39823158 -0.35078165 -0.30977087 -0.27447265 -0.244125741 -0.218012603
[47,] -0.42364238 -0.37316471 -0.32953707 -0.29198650 -0.259703182 -0.231923789
[48,] -0.44209697 -0.38942041 -0.34389228 -0.30470594 -0.271016304 -0.242026792
[49,] -0.45329235 -0.39928184 -0.35260078 -0.31242211 -0.277879346 -0.248155723
[50,] -0.45704468 -0.40258707 -0.35551960 -0.31500833 -0.280179617 -0.250209943
             [,40]        [,41]       [,42]        [,43]        [,44]        [,45]
 [1,] -0.224364482 -0.202007627 -0.18259945 -0.165686014 -0.150887777 -0.137888115
 [2,] -0.222522453 -0.200349147 -0.18110031 -0.164325734 -0.149648990 -0.136756055
 [3,] -0.217026611 -0.195400940 -0.17662751 -0.160267230 -0.145952971 -0.133378465
 [4,] -0.207967198 -0.187244255 -0.16925449 -0.153577143 -0.139860409 -0.127810804
 [5,] -0.195492970 -0.176013024 -0.15910231 -0.144365323 -0.131471342 -0.120144493
 [6,] -0.179808752 -0.161891664 -0.14633769 -0.132783029 -0.120923520 -0.110505413
 [7,] -0.161172080 -0.145112048 -0.13117020 -0.119020440 -0.108390136 -0.099051837
 [8,] -0.139888966 -0.125949695 -0.11384889 -0.103303540 -0.094076990 -0.085971833
 [9,] -0.116308880 -0.104719253 -0.09465820 -0.085890398 -0.078219102 -0.071480174
[10,] -0.090819005 -0.081769323 -0.07391322 -0.067066939 -0.061076859 -0.055814812
[11,] -0.063837885 -0.057476743 -0.05195458 -0.047142242 -0.042931735 -0.039232972
[12,] -0.035808548 -0.032240396 -0.02914285 -0.026443470 -0.024081673 -0.022006929
[13,] -0.007191236 -0.006474663 -0.00585260 -0.005310498 -0.004836191 -0.004419532
[14,]  0.021544156  0.019397384  0.01753375  0.015909672  0.014488701  0.013240434
[15,]  0.049925794  0.044950926  0.04063220  0.036868607  0.033575689  0.030682992
[16,]  0.077487652  0.069766375  0.06306347  0.057222159  0.052111365  0.047621736
[17,]  0.103777164  0.093436262  0.08445924  0.076636126  0.069791374  0.063778533
[18,]  0.128362658  0.115571929  0.10446819  0.094791729  0.086325411  0.078888088
[19,]  0.150840441  0.135809908  0.12276177  0.111390855  0.101441987  0.092702302
[20,]  0.170841428  0.153817891  0.13903961  0.126160946  0.114892888  0.104994348
[21,]  0.188037203  0.169300189  0.15303443  0.138859477  0.126457251  0.115562389
[22,]  0.202145413  0.182002583  0.16451642  0.149277940  0.135945189  0.124232898
[23,]  0.212934401  0.191716500  0.17329706  0.157245264  0.143200912  0.130863508
[24,]  0.220227012  0.198282436  0.17923216  0.162630624  0.148105279  0.135345341
[25,]  0.223903501  0.201592581  0.18222428  0.165345594  0.150577762  0.137604809
[26,]  0.223903501  0.201592581  0.18222428  0.165345594  0.150577762  0.137604809
[27,]  0.220227012  0.198282436  0.17923216  0.162630624  0.148105279  0.135345341
[28,]  0.212934401  0.191716500  0.17329706  0.157245264  0.143200912  0.130863508
[29,]  0.202145413  0.182002583  0.16451642  0.149277940  0.135945189  0.124232898
[30,]  0.188037203  0.169300189  0.15303443  0.138859477  0.126457251  0.115562389
[31,]  0.170841428  0.153817891  0.13903961  0.126160946  0.114892888  0.104994348
[32,]  0.150840441  0.135809908  0.12276177  0.111390855  0.101441987  0.092702302
[33,]  0.128362658  0.115571929  0.10446819  0.094791729  0.086325411  0.078888088
[34,]  0.103777164  0.093436262  0.08445924  0.076636126  0.069791374  0.063778533
[35,]  0.077487652  0.069766375  0.06306347  0.057222159  0.052111365  0.047621736
[36,]  0.049925794  0.044950926  0.04063220  0.036868607  0.033575689  0.030682992
[37,]  0.021544156  0.019397384  0.01753375  0.015909672  0.014488701  0.013240434
[38,] -0.007191236 -0.006474663 -0.00585260 -0.005310498 -0.004836191 -0.004419532
[39,] -0.035808548 -0.032240396 -0.02914285 -0.026443470 -0.024081673 -0.022006929
[40,] -0.063837885 -0.057476743 -0.05195458 -0.047142242 -0.042931735 -0.039232972
[41,] -0.090819005 -0.081769323 -0.07391322 -0.067066939 -0.061076859 -0.055814812
[42,] -0.116308880 -0.104719253 -0.09465820 -0.085890398 -0.078219102 -0.071480174
[43,] -0.139888966 -0.125949695 -0.11384889 -0.103303540 -0.094076990 -0.085971833
[44,] -0.161172080 -0.145112048 -0.13117020 -0.119020440 -0.108390136 -0.099051837
[45,] -0.179808752 -0.161891664 -0.14633769 -0.132783029 -0.120923520 -0.110505413
[46,] -0.195492970 -0.176013024 -0.15910231 -0.144365323 -0.131471342 -0.120144493
[47,] -0.207967198 -0.187244255 -0.16925449 -0.153577143 -0.139860409 -0.127810804
[48,] -0.217026611 -0.195400940 -0.17662751 -0.160267230 -0.145952971 -0.133378465
[49,] -0.222522453 -0.200349147 -0.18110031 -0.164325734 -0.149648990 -0.136756055
[50,] -0.224364482 -0.202007627 -0.18259945 -0.165686014 -0.150887777 -0.137888115
             [,46]        [,47]        [,48]        [,49]        [,50]
 [1,] -0.126422949 -0.116271758 -0.107249988 -0.099202758 -0.091999668
 [2,] -0.125385019 -0.115317168 -0.106369467 -0.098388305 -0.091244352
 [3,] -0.122288269 -0.112469074 -0.103742362 -0.095958318 -0.088990807
 [4,] -0.117183550 -0.107774241 -0.099411811 -0.091952699 -0.085276034
 [5,] -0.110154680 -0.101309757 -0.093448920 -0.086437219 -0.080161032
 [6,] -0.101317074 -0.093181770 -0.085951601 -0.079502442 -0.073729787
 [7,] -0.090815843 -0.083523742 -0.077042959 -0.071262237 -0.066087902
 [8,] -0.078823420 -0.072494255 -0.066869274 -0.061851908 -0.057360855
 [9,] -0.065536717 -0.060274415 -0.055597597 -0.051425973 -0.047691944
[10,] -0.051173904 -0.047064871 -0.043413009 -0.040155624 -0.037239933
[11,] -0.035970817 -0.033082523 -0.030515580 -0.028225921 -0.026176444
[12,] -0.020177089 -0.018556960 -0.017117087 -0.015832750 -0.014683137
[13,] -0.004052055 -0.003726693 -0.003437531 -0.003179605 -0.002948735
[14,]  0.012139514  0.011164766  0.010298468  0.009525749  0.008834087
[15,]  0.028131753  0.025872900  0.023865367  0.022074690  0.020471852
[16,]  0.043662069  0.040156202  0.037040398  0.034261166  0.031773470
[17,]  0.058475455  0.053780140  0.049607226  0.045885074  0.042553369
[18,]  0.072328676  0.066521010  0.061359505  0.056755551  0.052634543
[19,]  0.084994261  0.078169606  0.072104262  0.066694103  0.061851459
[20,]  0.096264244  0.088534660  0.081665070  0.075537539  0.070052776
[21,]  0.105953570  0.097445977  0.089884939  0.083140651  0.077103828
[22,]  0.113903141  0.104757234  0.096628900  0.089378597  0.082888837
[23,]  0.119982427  0.110348380  0.101786217  0.094148948  0.087312814
[24,]  0.124091604  0.114127609  0.105272208  0.097373376  0.090303117
[25,]  0.126163200  0.116032865  0.107029631  0.098998935  0.091810645
[26,]  0.126163200  0.116032865  0.107029631  0.098998935  0.091810645
[27,]  0.124091604  0.114127609  0.105272208  0.097373376  0.090303117
[28,]  0.119982427  0.110348380  0.101786217  0.094148948  0.087312814
[29,]  0.113903141  0.104757234  0.096628900  0.089378597  0.082888837
[30,]  0.105953570  0.097445977  0.089884939  0.083140651  0.077103828
[31,]  0.096264244  0.088534660  0.081665070  0.075537539  0.070052776
[32,]  0.084994261  0.078169606  0.072104262  0.066694103  0.061851459
[33,]  0.072328676  0.066521010  0.061359505  0.056755551  0.052634543
[34,]  0.058475455  0.053780140  0.049607226  0.045885074  0.042553369
[35,]  0.043662069  0.040156202  0.037040398  0.034261166  0.031773470
[36,]  0.028131753  0.025872900  0.023865367  0.022074690  0.020471852
[37,]  0.012139514  0.011164766  0.010298468  0.009525749  0.008834087
[38,] -0.004052055 -0.003726693 -0.003437531 -0.003179605 -0.002948735
[39,] -0.020177089 -0.018556960 -0.017117087 -0.015832750 -0.014683137
[40,] -0.035970817 -0.033082523 -0.030515580 -0.028225921 -0.026176444
[41,] -0.051173904 -0.047064871 -0.043413009 -0.040155624 -0.037239933
[42,] -0.065536717 -0.060274415 -0.055597597 -0.051425973 -0.047691944
[43,] -0.078823420 -0.072494255 -0.066869274 -0.061851908 -0.057360855
[44,] -0.090815843 -0.083523742 -0.077042959 -0.071262237 -0.066087902
[45,] -0.101317074 -0.093181770 -0.085951601 -0.079502442 -0.073729787
[46,] -0.110154680 -0.101309757 -0.093448920 -0.086437219 -0.080161032
[47,] -0.117183550 -0.107774241 -0.099411811 -0.091952699 -0.085276034
[48,] -0.122288269 -0.112469074 -0.103742362 -0.095958318 -0.088990807
[49,] -0.125385019 -0.115317168 -0.106369467 -0.098388305 -0.091244352
[50,] -0.126422949 -0.116271758 -0.107249988 -0.099202758 -0.091999668
> ?t
> image(x,y,fa)
> persp(x,y,fa)
> persp(x,y,fa,theta=30)
> persp(x,y,fa,theta=30,phi=20)
> persp(x,y,fa,theta=30,phi=70)
> persp(x,y,fa,theta=30,phi=40)
> A = matrix(1:16, 4, 4)
> A
     [,1] [,2] [,3] [,4]
[1,]    1    5    9   13
[2,]    2    6   10   14
[3,]    3    7   11   15
[4,]    4    8   12   16
> A[2,3]
[1] 10
> A[c(1,3),c(2,4)]
     [,1] [,2]
[1,]    5   13
[2,]    7   15
> A[1:3, 2:4]
     [,1] [,2] [,3]
[1,]    5    9   13
[2,]    6   10   14
[3,]    7   11   15
> A[1:2,]
     [,1] [,2] [,3] [,4]
[1,]    1    5    9   13
[2,]    2    6   10   14
> A[,1:2]
     [,1] [,2]
[1,]    1    5
[2,]    2    6
[3,]    3    7
[4,]    4    8
> A[1,]
[1]  1  5  9 13
> A[-c(1,3),]
     [,1] [,2] [,3] [,4]
[1,]    2    6   10   14
[2,]    4    8   12   16
> A[-c(1,3),-c(1,3,4)]
[1] 6 8
> dim(A)
[1] 4 4
> ?read.table
> Auto = read.table('Auto.data')
> fix(Auto)
> fix(Auto)
> Auto = read.table('Auto.data',header=TRUE,na.strings='?')
> fix(Auto)
> Auto = read.csv('Auto.csv', header=TRUE, na.strings='?')
> fix(Auto)
> dim(Auto)
[1] 397   9
> Auto[1:4]
     mpg cylinders displacement horsepower
1   18.0         8        307.0        130
2   15.0         8        350.0        165
3   18.0         8        318.0        150
4   16.0         8        304.0        150
5   17.0         8        302.0        140
6   15.0         8        429.0        198
7   14.0         8        454.0        220
8   14.0         8        440.0        215
9   14.0         8        455.0        225
10  15.0         8        390.0        190
11  15.0         8        383.0        170
12  14.0         8        340.0        160
13  15.0         8        400.0        150
14  14.0         8        455.0        225
15  24.0         4        113.0         95
16  22.0         6        198.0         95
17  18.0         6        199.0         97
18  21.0         6        200.0         85
19  27.0         4         97.0         88
20  26.0         4         97.0         46
21  25.0         4        110.0         87
22  24.0         4        107.0         90
23  25.0         4        104.0         95
24  26.0         4        121.0        113
25  21.0         6        199.0         90
26  10.0         8        360.0        215
27  10.0         8        307.0        200
28  11.0         8        318.0        210
29   9.0         8        304.0        193
30  27.0         4         97.0         88
31  28.0         4        140.0         90
32  25.0         4        113.0         95
33  25.0         4         98.0         NA
34  19.0         6        232.0        100
35  16.0         6        225.0        105
36  17.0         6        250.0        100
37  19.0         6        250.0         88
38  18.0         6        232.0        100
39  14.0         8        350.0        165
40  14.0         8        400.0        175
41  14.0         8        351.0        153
42  14.0         8        318.0        150
43  12.0         8        383.0        180
44  13.0         8        400.0        170
45  13.0         8        400.0        175
46  18.0         6        258.0        110
47  22.0         4        140.0         72
48  19.0         6        250.0        100
49  18.0         6        250.0         88
50  23.0         4        122.0         86
51  28.0         4        116.0         90
52  30.0         4         79.0         70
53  30.0         4         88.0         76
54  31.0         4         71.0         65
55  35.0         4         72.0         69
56  27.0         4         97.0         60
57  26.0         4         91.0         70
58  24.0         4        113.0         95
59  25.0         4         97.5         80
60  23.0         4         97.0         54
61  20.0         4        140.0         90
62  21.0         4        122.0         86
63  13.0         8        350.0        165
64  14.0         8        400.0        175
65  15.0         8        318.0        150
66  14.0         8        351.0        153
67  17.0         8        304.0        150
68  11.0         8        429.0        208
69  13.0         8        350.0        155
70  12.0         8        350.0        160
71  13.0         8        400.0        190
72  19.0         3         70.0         97
73  15.0         8        304.0        150
74  13.0         8        307.0        130
75  13.0         8        302.0        140
76  14.0         8        318.0        150
77  18.0         4        121.0        112
78  22.0         4        121.0         76
79  21.0         4        120.0         87
80  26.0         4         96.0         69
81  22.0         4        122.0         86
82  28.0         4         97.0         92
83  23.0         4        120.0         97
84  28.0         4         98.0         80
85  27.0         4         97.0         88
86  13.0         8        350.0        175
87  14.0         8        304.0        150
88  13.0         8        350.0        145
89  14.0         8        302.0        137
90  15.0         8        318.0        150
91  12.0         8        429.0        198
92  13.0         8        400.0        150
93  13.0         8        351.0        158
94  14.0         8        318.0        150
95  13.0         8        440.0        215
96  12.0         8        455.0        225
97  13.0         8        360.0        175
98  18.0         6        225.0        105
99  16.0         6        250.0        100
100 18.0         6        232.0        100
101 18.0         6        250.0         88
102 23.0         6        198.0         95
103 26.0         4         97.0         46
104 11.0         8        400.0        150
105 12.0         8        400.0        167
106 13.0         8        360.0        170
107 12.0         8        350.0        180
108 18.0         6        232.0        100
109 20.0         4         97.0         88
110 21.0         4        140.0         72
111 22.0         4        108.0         94
112 18.0         3         70.0         90
113 19.0         4        122.0         85
114 21.0         6        155.0        107
115 26.0         4         98.0         90
116 15.0         8        350.0        145
117 16.0         8        400.0        230
118 29.0         4         68.0         49
119 24.0         4        116.0         75
120 20.0         4        114.0         91
121 19.0         4        121.0        112
122 15.0         8        318.0        150
123 24.0         4        121.0        110
124 20.0         6        156.0        122
125 11.0         8        350.0        180
126 20.0         6        198.0         95
127 21.0         6        200.0         NA
128 19.0         6        232.0        100
129 15.0         6        250.0        100
130 31.0         4         79.0         67
131 26.0         4        122.0         80
132 32.0         4         71.0         65
133 25.0         4        140.0         75
134 16.0         6        250.0        100
135 16.0         6        258.0        110
136 18.0         6        225.0        105
137 16.0         8        302.0        140
138 13.0         8        350.0        150
139 14.0         8        318.0        150
140 14.0         8        302.0        140
141 14.0         8        304.0        150
142 29.0         4         98.0         83
143 26.0         4         79.0         67
144 26.0         4         97.0         78
145 31.0         4         76.0         52
146 32.0         4         83.0         61
147 28.0         4         90.0         75
148 24.0         4         90.0         75
149 26.0         4        116.0         75
150 24.0         4        120.0         97
151 26.0         4        108.0         93
152 31.0         4         79.0         67
153 19.0         6        225.0         95
154 18.0         6        250.0        105
155 15.0         6        250.0         72
156 15.0         6        250.0         72
157 16.0         8        400.0        170
158 15.0         8        350.0        145
159 16.0         8        318.0        150
160 14.0         8        351.0        148
161 17.0         6        231.0        110
162 16.0         6        250.0        105
163 15.0         6        258.0        110
164 18.0         6        225.0         95
165 21.0         6        231.0        110
166 20.0         8        262.0        110
167 13.0         8        302.0        129
168 29.0         4         97.0         75
169 23.0         4        140.0         83
170 20.0         6        232.0        100
171 23.0         4        140.0         78
172 24.0         4        134.0         96
173 25.0         4         90.0         71
174 24.0         4        119.0         97
175 18.0         6        171.0         97
176 29.0         4         90.0         70
177 19.0         6        232.0         90
178 23.0         4        115.0         95
179 23.0         4        120.0         88
180 22.0         4        121.0         98
181 25.0         4        121.0        115
182 33.0         4         91.0         53
183 28.0         4        107.0         86
184 25.0         4        116.0         81
185 25.0         4        140.0         92
186 26.0         4         98.0         79
187 27.0         4        101.0         83
188 17.5         8        305.0        140
189 16.0         8        318.0        150
190 15.5         8        304.0        120
191 14.5         8        351.0        152
192 22.0         6        225.0        100
193 22.0         6        250.0        105
194 24.0         6        200.0         81
195 22.5         6        232.0         90
196 29.0         4         85.0         52
197 24.5         4         98.0         60
198 29.0         4         90.0         70
199 33.0         4         91.0         53
200 20.0         6        225.0        100
201 18.0         6        250.0         78
202 18.5         6        250.0        110
203 17.5         6        258.0         95
204 29.5         4         97.0         71
205 32.0         4         85.0         70
206 28.0         4         97.0         75
207 26.5         4        140.0         72
208 20.0         4        130.0        102
209 13.0         8        318.0        150
210 19.0         4        120.0         88
211 19.0         6        156.0        108
212 16.5         6        168.0        120
213 16.5         8        350.0        180
214 13.0         8        350.0        145
215 13.0         8        302.0        130
216 13.0         8        318.0        150
217 31.5         4         98.0         68
218 30.0         4        111.0         80
219 36.0         4         79.0         58
220 25.5         4        122.0         96
221 33.5         4         85.0         70
222 17.5         8        305.0        145
223 17.0         8        260.0        110
224 15.5         8        318.0        145
225 15.0         8        302.0        130
226 17.5         6        250.0        110
227 20.5         6        231.0        105
228 19.0         6        225.0        100
229 18.5         6        250.0         98
230 16.0         8        400.0        180
231 15.5         8        350.0        170
232 15.5         8        400.0        190
233 16.0         8        351.0        149
234 29.0         4         97.0         78
235 24.5         4        151.0         88
236 26.0         4         97.0         75
237 25.5         4        140.0         89
238 30.5         4         98.0         63
239 33.5         4         98.0         83
240 30.0         4         97.0         67
241 30.5         4         97.0         78
242 22.0         6        146.0         97
243 21.5         4        121.0        110
244 21.5         3         80.0        110
245 43.1         4         90.0         48
246 36.1         4         98.0         66
247 32.8         4         78.0         52
248 39.4         4         85.0         70
249 36.1         4         91.0         60
250 19.9         8        260.0        110
251 19.4         8        318.0        140
252 20.2         8        302.0        139
253 19.2         6        231.0        105
254 20.5         6        200.0         95
255 20.2         6        200.0         85
256 25.1         4        140.0         88
257 20.5         6        225.0        100
258 19.4         6        232.0         90
259 20.6         6        231.0        105
260 20.8         6        200.0         85
261 18.6         6        225.0        110
262 18.1         6        258.0        120
263 19.2         8        305.0        145
264 17.7         6        231.0        165
265 18.1         8        302.0        139
266 17.5         8        318.0        140
267 30.0         4         98.0         68
268 27.5         4        134.0         95
269 27.2         4        119.0         97
270 30.9         4        105.0         75
271 21.1         4        134.0         95
272 23.2         4        156.0        105
273 23.8         4        151.0         85
274 23.9         4        119.0         97
275 20.3         5        131.0        103
276 17.0         6        163.0        125
277 21.6         4        121.0        115
278 16.2         6        163.0        133
279 31.5         4         89.0         71
280 29.5         4         98.0         68
281 21.5         6        231.0        115
282 19.8         6        200.0         85
283 22.3         4        140.0         88
284 20.2         6        232.0         90
285 20.6         6        225.0        110
286 17.0         8        305.0        130
287 17.6         8        302.0        129
288 16.5         8        351.0        138
289 18.2         8        318.0        135
290 16.9         8        350.0        155
291 15.5         8        351.0        142
292 19.2         8        267.0        125
293 18.5         8        360.0        150
294 31.9         4         89.0         71
295 34.1         4         86.0         65
296 35.7         4         98.0         80
297 27.4         4        121.0         80
298 25.4         5        183.0         77
299 23.0         8        350.0        125
300 27.2         4        141.0         71
301 23.9         8        260.0         90
302 34.2         4        105.0         70
303 34.5         4        105.0         70
304 31.8         4         85.0         65
305 37.3         4         91.0         69
306 28.4         4        151.0         90
307 28.8         6        173.0        115
308 26.8         6        173.0        115
309 33.5         4        151.0         90
310 41.5         4         98.0         76
311 38.1         4         89.0         60
312 32.1         4         98.0         70
313 37.2         4         86.0         65
314 28.0         4        151.0         90
315 26.4         4        140.0         88
316 24.3         4        151.0         90
317 19.1         6        225.0         90
318 34.3         4         97.0         78
319 29.8         4        134.0         90
320 31.3         4        120.0         75
321 37.0         4        119.0         92
322 32.2         4        108.0         75
323 46.6         4         86.0         65
324 27.9         4        156.0        105
325 40.8         4         85.0         65
326 44.3         4         90.0         48
327 43.4         4         90.0         48
328 36.4         5        121.0         67
329 30.0         4        146.0         67
330 44.6         4         91.0         67
331 40.9         4         85.0         NA
332 33.8         4         97.0         67
333 29.8         4         89.0         62
334 32.7         6        168.0        132
335 23.7         3         70.0        100
336 35.0         4        122.0         88
337 23.6         4        140.0         NA
338 32.4         4        107.0         72
339 27.2         4        135.0         84
340 26.6         4        151.0         84
341 25.8         4        156.0         92
342 23.5         6        173.0        110
343 30.0         4        135.0         84
344 39.1         4         79.0         58
345 39.0         4         86.0         64
346 35.1         4         81.0         60
347 32.3         4         97.0         67
348 37.0         4         85.0         65
349 37.7         4         89.0         62
350 34.1         4         91.0         68
351 34.7         4        105.0         63
352 34.4         4         98.0         65
353 29.9         4         98.0         65
354 33.0         4        105.0         74
355 34.5         4        100.0         NA
356 33.7         4        107.0         75
357 32.4         4        108.0         75
358 32.9         4        119.0        100
359 31.6         4        120.0         74
360 28.1         4        141.0         80
361 30.7         6        145.0         76
362 25.4         6        168.0        116
363 24.2         6        146.0        120
364 22.4         6        231.0        110
365 26.6         8        350.0        105
366 20.2         6        200.0         88
367 17.6         6        225.0         85
368 28.0         4        112.0         88
369 27.0         4        112.0         88
370 34.0         4        112.0         88
371 31.0         4        112.0         85
372 29.0         4        135.0         84
373 27.0         4        151.0         90
374 24.0         4        140.0         92
375 36.0         4        105.0         74
376 37.0         4         91.0         68
377 31.0         4         91.0         68
378 38.0         4        105.0         63
379 36.0         4         98.0         70
380 36.0         4        120.0         88
381 36.0         4        107.0         75
382 34.0         4        108.0         70
383 38.0         4         91.0         67
384 32.0         4         91.0         67
385 38.0         4         91.0         67
386 25.0         6        181.0        110
387 38.0         6        262.0         85
388 26.0         4        156.0         92
389 22.0         6        232.0        112
390 32.0         4        144.0         96
391 36.0         4        135.0         84
392 27.0         4        151.0         90
393 27.0         4        140.0         86
394 44.0         4         97.0         52
395 32.0         4        135.0         84
396 28.0         4        120.0         79
397 31.0         4        119.0         82
> Auto[1:4,]
  mpg cylinders displacement horsepower weight acceleration year origin
1  18         8          307        130   3504         12.0   70      1
2  15         8          350        165   3693         11.5   70      1
3  18         8          318        150   3436         11.0   70      1
4  16         8          304        150   3433         12.0   70      1
                       name
1 chevrolet chevelle malibu
2         buick skylark 320
3        plymouth satellite
4             amc rebel sst
> Auto = na.omit(Auto)
> dim(Auto)
[1] 392   9
> names(Auto)
[1] "mpg"          "cylinders"    "displacement" "horsepower"   "weight"      
[6] "acceleration" "year"         "origin"       "name"        
> plot(cylinders, mpg)
Error in plot(cylinders, mpg) : object 'cylinders' not found
> plot(Auto$cylinders, Auto$mpg)
> attach(Auto)
> plot(cylinders, mpg)
> cylinders = as.factor(cylinders)
> plot(cylinders, mpg)
> plot(cylinders, mpg, col='red')
> plot(cylinders, mpg, col='red', varwidth=TRUE)
> plot(cylinders, mpg, col='red', varwidth=TRUE, horizontal=TRUE)
> plot(cylinders, mpg, col='red', varwidth=TRUE, xlab='cylinders', ylab='MPG')
> hist(mpg)
> hist(mpg, col=2)
> hist(mpg, col=2, breaks=15)
> pairs(Auto)
> pairs(~ mpg + displacement + horsepower + weight + acceleration, Auto)
> plot(horsepower, mpg)
> identify(horsepower, mpg, name)
warning: nearest point already identified
[1]   9  26  94  95 116 250 297 305 331
> summary(Auto)
      mpg          cylinders      displacement     horsepower        weight    
 Min.   : 9.00   Min.   :3.000   Min.   : 68.0   Min.   : 46.0   Min.   :1613  
 1st Qu.:17.00   1st Qu.:4.000   1st Qu.:105.0   1st Qu.: 75.0   1st Qu.:2225  
 Median :22.75   Median :4.000   Median :151.0   Median : 93.5   Median :2804  
 Mean   :23.45   Mean   :5.472   Mean   :194.4   Mean   :104.5   Mean   :2978  
 3rd Qu.:29.00   3rd Qu.:8.000   3rd Qu.:275.8   3rd Qu.:126.0   3rd Qu.:3615  
 Max.   :46.60   Max.   :8.000   Max.   :455.0   Max.   :230.0   Max.   :5140  
                                                                               
  acceleration        year           origin                      name    
 Min.   : 8.00   Min.   :70.00   Min.   :1.000   amc matador       :  5  
 1st Qu.:13.78   1st Qu.:73.00   1st Qu.:1.000   ford pinto        :  5  
 Median :15.50   Median :76.00   Median :1.000   toyota corolla    :  5  
 Mean   :15.54   Mean   :75.98   Mean   :1.577   amc gremlin       :  4  
 3rd Qu.:17.02   3rd Qu.:79.00   3rd Qu.:2.000   amc hornet        :  4  
 Max.   :24.80   Max.   :82.00   Max.   :3.000   chevrolet chevette:  4  
                                                 (Other)           :365  
> summary(mpg)
   Min. 1st Qu.  Median    Mean 3rd Qu.    Max. 
   9.00   17.00   22.75   23.45   29.00   46.60 
> 
